Copyright 1986-2016 Xilinx, Inc. All Rights Reserved.
-----------------------------------------------------------------------------------------------------------------------------------------
| Tool Version : Vivado v.2016.3 (win64) Build 1682563 Mon Oct 10 19:07:27 MDT 2016
| Date         : Mon Nov 08 14:35:21 2021
| Host         : TELOPS250 running 64-bit Service Pack 1  (build 7601)
| Command      : report_utilization -file d:/Telops/fir-00251-Proc/Reports/herculesD/fir_00251_proc_160_herculesD_utilization_placed.rpt
| Design       : fir_00251_proc_herculesD
| Device       : 7k160tfbg676-1
| Design State : Routed
-----------------------------------------------------------------------------------------------------------------------------------------

Utilization Design Information

Table of Contents
-----------------
1. Slice Logic
1.1 Summary of Registers by Type
2. Slice Logic Distribution
3. Memory
4. DSP
5. IO and GT Specific
6. Clocking
7. Specific Feature
8. Primitives
9. Black Boxes
10. Instantiated Netlists

1. Slice Logic
--------------

+----------------------------+--------+-------+-----------+-------+
|          Site Type         |  Used  | Fixed | Available | Util% |
+----------------------------+--------+-------+-----------+-------+
| Slice LUTs                 |  74395 |     0 |    101400 | 73.37 |
|   LUT as Logic             |  68158 |     0 |    101400 | 67.22 |
|   LUT as Memory            |   6237 |     0 |     35000 | 17.82 |
|     LUT as Distributed RAM |   2040 |     0 |           |       |
|     LUT as Shift Register  |   4197 |     0 |           |       |
| Slice Registers            | 108652 |     0 |    202800 | 53.58 |
|   Register as Flip Flop    | 108648 |     0 |    202800 | 53.57 |
|   Register as Latch        |      0 |     0 |    202800 |  0.00 |
|   Register as AND/OR       |      4 |     0 |    202800 | <0.01 |
| F7 Muxes                   |    467 |     0 |     50700 |  0.92 |
| F8 Muxes                   |     37 |     0 |     25350 |  0.15 |
+----------------------------+--------+-------+-----------+-------+


1.1 Summary of Registers by Type
--------------------------------

+-------+--------------+-------------+--------------+
| Total | Clock Enable | Synchronous | Asynchronous |
+-------+--------------+-------------+--------------+
| 4     |            _ |           - |            - |
| 0     |            _ |           - |          Set |
| 0     |            _ |           - |        Reset |
| 0     |            _ |         Set |            - |
| 0     |            _ |       Reset |            - |
| 0     |          Yes |           - |            - |
| 3604  |          Yes |           - |          Set |
| 3791  |          Yes |           - |        Reset |
| 4584  |          Yes |         Set |            - |
| 96674 |          Yes |       Reset |            - |
+-------+--------------+-------------+--------------+


2. Slice Logic Distribution
---------------------------

+-------------------------------------------+-------+-------+-----------+-------+
|                 Site Type                 |  Used | Fixed | Available | Util% |
+-------------------------------------------+-------+-------+-----------+-------+
| Slice                                     | 24872 |     0 |     25350 | 98.11 |
|   SLICEL                                  | 16278 |     0 |           |       |
|   SLICEM                                  |  8594 |     0 |           |       |
| LUT as Logic                              | 68158 |     0 |    101400 | 67.22 |
|   using O5 output only                    |     8 |       |           |       |
|   using O6 output only                    | 53615 |       |           |       |
|   using O5 and O6                         | 14535 |       |           |       |
| LUT as Memory                             |  6237 |     0 |     35000 | 17.82 |
|   LUT as Distributed RAM                  |  2040 |     0 |           |       |
|     using O5 output only                  |     0 |       |           |       |
|     using O6 output only                  |    32 |       |           |       |
|     using O5 and O6                       |  2008 |       |           |       |
|   LUT as Shift Register                   |  4197 |     0 |           |       |
|     using O5 output only                  |   228 |       |           |       |
|     using O6 output only                  |  1655 |       |           |       |
|     using O5 and O6                       |  2314 |       |           |       |
| LUT Flip Flop Pairs                       | 40827 |     0 |    101400 | 40.26 |
|   fully used LUT-FF pairs                 |  8866 |       |           |       |
|   LUT-FF pairs with one unused LUT output | 30781 |       |           |       |
|   LUT-FF pairs with one unused Flip Flop  | 21541 |       |           |       |
| Unique Control Sets                       |  4905 |       |           |       |
+-------------------------------------------+-------+-------+-----------+-------+
* Note: Review the Control Sets Report for more information regarding control sets.


3. Memory
---------

+-------------------+-------+-------+-----------+-------+
|     Site Type     |  Used | Fixed | Available | Util% |
+-------------------+-------+-------+-----------+-------+
| Block RAM Tile    | 264.5 |     0 |       325 | 81.38 |
|   RAMB36/FIFO*    |   222 |     0 |       325 | 68.31 |
|     FIFO36E1 only |     3 |       |           |       |
|     RAMB36E1 only |   219 |       |           |       |
|   RAMB18          |    85 |     0 |       650 | 13.08 |
|     RAMB18E1 only |    85 |       |           |       |
+-------------------+-------+-------+-----------+-------+
* Note: Each Block RAM Tile only has one FIFO logic available and therefore can accommodate only one FIFO36E1 or one FIFO18E1. However, if a FIFO18E1 occupies a Block RAM Tile, that tile can still accommodate a RAMB18E1


4. DSP
------

+----------------+------+-------+-----------+-------+
|    Site Type   | Used | Fixed | Available | Util% |
+----------------+------+-------+-----------+-------+
| DSPs           |   97 |     0 |       600 | 16.17 |
|   DSP48E1 only |   97 |       |           |       |
+----------------+------+-------+-----------+-------+


5. IO and GT Specific
---------------------

+-----------------------------+------+-------+-----------+--------+
|          Site Type          | Used | Fixed | Available |  Util% |
+-----------------------------+------+-------+-----------+--------+
| Bonded IOB                  |  277 |   277 |       400 |  69.25 |
|   IOB Master Pads           |  133 |       |           |        |
|   IOB Slave Pads            |  131 |       |           |        |
|   IOB Flip Flops            |    5 |     5 |           |        |
| Bonded IPADs                |   10 |    10 |        26 |  38.46 |
| Bonded OPADs                |    6 |     6 |        16 |  37.50 |
| PHY_CONTROL                 |    3 |     3 |         8 |  37.50 |
| PHASER_REF                  |    3 |     3 |         8 |  37.50 |
| OUT_FIFO                    |   11 |    11 |        32 |  34.38 |
| IN_FIFO                     |    6 |     6 |        32 |  18.75 |
| IDELAYCTRL                  |    3 |     0 |         8 |  37.50 |
| IBUFDS                      |   19 |    19 |       384 |   4.95 |
| GTXE2_COMMON                |    2 |     0 |         2 | 100.00 |
| GTXE2_CHANNEL               |    3 |     3 |         8 |  37.50 |
| PHASER_OUT/PHASER_OUT_PHY   |   11 |    11 |        32 |  34.38 |
|   PHASER_OUT_PHY only       |   11 |    11 |           |        |
| PHASER_IN/PHASER_IN_PHY     |    6 |     6 |        32 |  18.75 |
|   PHASER_IN_PHY only        |    6 |     6 |           |        |
| IDELAYE2/IDELAYE2_FINEDELAY |   56 |    56 |       400 |  14.00 |
|   IDELAYE2 only             |   56 |    56 |           |        |
| ODELAYE2/ODELAYE2_FINEDELAY |    0 |     0 |       150 |   0.00 |
| IBUFDS_GTE2                 |    1 |     1 |         4 |  25.00 |
| ILOGIC                      |   61 |    61 |       400 |  15.25 |
|   IFF_Register              |    5 |     5 |           |        |
|   ISERDES                   |   56 |    56 |           |        |
| OLOGIC                      |  114 |   114 |       400 |  28.50 |
|   OUTFF_ODDR_Register       |    8 |     8 |           |        |
|   TFF_ODDR_Register         |    6 |     6 |           |        |
|   OSERDES                   |  106 |   106 |           |        |
+-----------------------------+------+-------+-----------+--------+


6. Clocking
-----------

+------------+------+-------+-----------+-------+
|  Site Type | Used | Fixed | Available | Util% |
+------------+------+-------+-----------+-------+
| BUFGCTRL   |   22 |     0 |        32 | 68.75 |
| BUFIO      |    0 |     0 |        32 |  0.00 |
| MMCME2_ADV |    6 |     2 |         8 | 75.00 |
| PLLE2_ADV  |    2 |     2 |         8 | 25.00 |
| BUFMRCE    |    0 |     0 |        16 |  0.00 |
| BUFHCE     |    2 |     0 |       120 |  1.67 |
| BUFR       |    0 |     0 |        32 |  0.00 |
+------------+------+-------+-----------+-------+


7. Specific Feature
-------------------

+-------------+------+-------+-----------+--------+
|  Site Type  | Used | Fixed | Available |  Util% |
+-------------+------+-------+-----------+--------+
| BSCANE2     |    1 |     0 |         4 |  25.00 |
| CAPTUREE2   |    0 |     0 |         1 |   0.00 |
| DNA_PORT    |    0 |     0 |         1 |   0.00 |
| EFUSE_USR   |    0 |     0 |         1 |   0.00 |
| FRAME_ECCE2 |    0 |     0 |         1 |   0.00 |
| ICAPE2      |    0 |     0 |         2 |   0.00 |
| PCIE_2_1    |    0 |     0 |         1 |   0.00 |
| STARTUPE2   |    1 |     0 |         1 | 100.00 |
| XADC        |    1 |     1 |         1 | 100.00 |
+-------------+------+-------+-----------+--------+


8. Primitives
-------------

+--------------------------+-------+---------------------+
|         Ref Name         |  Used | Functional Category |
+--------------------------+-------+---------------------+
| FDRE                     | 96674 |        Flop & Latch |
| LUT3                     | 21418 |                 LUT |
| LUT6                     | 17459 |                 LUT |
| LUT4                     | 15411 |                 LUT |
| LUT2                     | 12273 |                 LUT |
| LUT5                     | 11886 |                 LUT |
| SRL16E                   |  5506 |  Distributed Memory |
| CARRY4                   |  4607 |          CarryLogic |
| FDSE                     |  4584 |        Flop & Latch |
| LUT1                     |  4246 |                 LUT |
| FDCE                     |  3791 |        Flop & Latch |
| FDPE                     |  3604 |        Flop & Latch |
| RAMD32                   |  3044 |  Distributed Memory |
| RAMS32                   |   972 |  Distributed Memory |
| SRLC32E                  |   961 |  Distributed Memory |
| MUXF7                    |   467 |               MuxFx |
| RAMB36E1                 |   219 |        Block Memory |
| OSERDESE2                |   106 |                  IO |
| DSP48E1                  |    97 |    Block Arithmetic |
| OBUF                     |    87 |                  IO |
| RAMB18E1                 |    85 |        Block Memory |
| IBUF                     |    84 |                  IO |
| OBUFT                    |    69 |                  IO |
| ISERDESE2                |    56 |                  IO |
| IDELAYE2                 |    56 |                  IO |
| SRLC16E                  |    44 |  Distributed Memory |
| MUXF8                    |    37 |               MuxFx |
| RAMD64E                  |    32 |  Distributed Memory |
| OBUFT_DCIEN              |    32 |                  IO |
| IBUF_IBUFDISABLE         |    32 |                  IO |
| BUFG                     |    20 |               Clock |
| IBUFDS                   |    19 |                  IO |
| IBUF_INTERMDISABLE       |    16 |                  IO |
| ODDR                     |    14 |                  IO |
| PHASER_OUT_PHY           |    11 |                  IO |
| OUT_FIFO                 |    11 |                  IO |
| OBUFTDS                  |    10 |                  IO |
| OBUFTDS_DCIEN            |     8 |                  IO |
| INV                      |     8 |                 LUT |
| IBUFDS_IBUFDISABLE_INT   |     8 |                  IO |
| PHASER_IN_PHY            |     6 |                  IO |
| MMCME2_ADV               |     6 |               Clock |
| IN_FIFO                  |     6 |                  IO |
| OBUFDS                   |     4 |                  IO |
| IBUFDS_INTERMDISABLE_INT |     4 |                  IO |
| AND2B1L                  |     4 |              Others |
| PHY_CONTROL              |     3 |                  IO |
| PHASER_REF               |     3 |                  IO |
| IDELAYCTRL               |     3 |                  IO |
| GTXE2_CHANNEL            |     3 |                  IO |
| FIFO36E1                 |     3 |        Block Memory |
| PLLE2_ADV                |     2 |               Clock |
| GTXE2_COMMON             |     2 |                  IO |
| BUFH                     |     2 |               Clock |
| BUFGCTRL                 |     2 |               Clock |
| XADC                     |     1 |              Others |
| STARTUPE2                |     1 |              Others |
| IBUFDS_GTE2              |     1 |                  IO |
| BSCANE2                  |     1 |              Others |
+--------------------------+-------+---------------------+


9. Black Boxes
--------------

+----------+------+
| Ref Name | Used |
+----------+------+


10. Instantiated Netlists
-------------------------

+------------------------------+------+
|           Ref Name           | Used |
+------------------------------+------+
| t_axi4_stream32_sfifo_d256   |   29 |
| t_axi4_stream32_sfifo_d16    |   21 |
| t_axi4_stream32_sfifo_d64    |   20 |
| ip_fp32_axis_mult            |   20 |
| fwft_sfifo_w32_d16           |   19 |
| ip_axis_fi32tofp32           |   18 |
| ip_axis32_fanout2            |   15 |
| ip_fp32_axis_subtract        |    9 |
| t_axi4_lite32_w_afifo_d16    |    7 |
| ip_fp32_axis_add             |    7 |
| ip_axis_fp32tofi32           |    7 |
| t_axi4_stream32_sfifo_d1024  |    6 |
| fwft_sfifo_w8_d16            |    5 |
| ip_fp32_axis_divide          |    4 |
| fwft_afifo_w28_d16           |    4 |
| fwft_sfifo_wr66_rd66_d512    |    3 |
| t_axi4_stream32_sfifo_d2048  |    2 |
| t_axi4_stream32_afifo_d512   |    2 |
| sfifo_w8_d64                 |    2 |
| ip_fp32_axis_greaterThan     |    2 |
| ip_axis16_reg                |    2 |
| fwft_sfifo_w192_d16          |    2 |
| fwft_afifo_wr68_rd34_d512    |    2 |
| fwft_afifo_wr18_rd72_d1024   |    2 |
| usart_mmcm                   |    1 |
| tdp_ram_w8_d2048             |    1 |
| tdp_ram_w32_d32768           |    1 |
| tdp_ram_w32_d16384           |    1 |
| t_axi4_stream8_sfifo_d2048   |    1 |
| t_axi4_stream64_sfifo_d128   |    1 |
| t_axi4_stream64_afifo_d512   |    1 |
| t_axi4_stream64_afifo_d16    |    1 |
| t_axi4_stream64_afifo_d1024  |    1 |
| t_axi4_stream16_sfifo_d16    |    1 |
| sfifo_w8_d64_no_output_reg   |    1 |
| sdp_ram_w32_d128             |    1 |
| ip_fp32_axis_sqroot          |    1 |
| ip_blk_mem_gen_w32_d8192     |    1 |
| ip_axis_32_to_64             |    1 |
| ip_axis64_fanout2            |    1 |
| ip_axis32_merge_axis64       |    1 |
| ip_axis16_merge_axis64       |    1 |
| ip_axi_bram_ctrl             |    1 |
| histogram_axis_tmi_4pix_0    |    1 |
| fwft_sfifo_w65_d16           |    1 |
| fwft_sfifo_w3_d16            |    1 |
| fwft_afifo_wr72_rd18_d16     |    1 |
| fwft_afifo_wr66_rd66_d512    |    1 |
| fwft_afifo_wr66_rd132_d32    |    1 |
| fwft_afifo_wr132_rd66_d16    |    1 |
| exp_mgt                      |    1 |
| ehdri_index_mem              |    1 |
| dp_ram_byte_w32_d64          |    1 |
| data_mgt                     |    1 |
| core_xbar_5                  |    1 |
| core_xbar_4                  |    1 |
| core_xbar_3                  |    1 |
| core_xbar_2                  |    1 |
| core_xbar_1                  |    1 |
| core_xbar_0                  |    1 |
| core_xadc_wiz_1_0            |    1 |
| core_s00_data_fifo_2         |    1 |
| core_s00_data_fifo_1         |    1 |
| core_proc_sys_reset_1_0      |    1 |
| core_power_management_0      |    1 |
| core_pleora_uart_0           |    1 |
| core_oem_uart_0              |    1 |
| core_mig_7series_0_0         |    1 |
| core_microblaze_1_axi_intc_0 |    1 |
| core_microblaze_1_0          |    1 |
| core_mdm_1_0                 |    1 |
| core_m15_data_fifo_0         |    1 |
| core_m12_data_fifo_0         |    1 |
| core_m11_data_fifo_0         |    1 |
| core_m01_data_fifo_0         |    1 |
| core_m00_data_fifo_1         |    1 |
| core_m00_data_fifo_0         |    1 |
| core_lmb_bram_0              |    1 |
| core_intr_concact_0          |    1 |
| core_ilmb_v10_0              |    1 |
| core_ilmb_bram_if_cntlr_0    |    1 |
| core_fw_uart_0               |    1 |
| core_fpga_output_uart_0      |    1 |
| core_dlmb_v10_0              |    1 |
| core_dlmb_bram_if_cntlr_0    |    1 |
| core_clk_wiz_1_0             |    1 |
| core_clink_uart_0            |    1 |
| core_axi_usb_uart_0          |    1 |
| core_axi_timer_0_0           |    1 |
| core_axi_quad_spi_0_0        |    1 |
| core_axi_ndf_uart_0          |    1 |
| core_axi_lens_uart_0         |    1 |
| core_axi_iic_0_0             |    1 |
| core_axi_gps_uart_0          |    1 |
| core_axi_gpio_0_0            |    1 |
| core_axi_dm_buffer_0         |    1 |
| core_axi_datamover_ddrcal_0  |    1 |
| core_auto_us_cc_df_3         |    1 |
| core_auto_us_cc_df_2         |    1 |
| core_auto_us_cc_df_1         |    1 |
| core_auto_us_cc_df_0         |    1 |
| core_auto_us_1               |    1 |
| core_auto_us_0               |    1 |
| core_auto_pc_2               |    1 |
| core_auto_pc_1               |    1 |
| core_auto_pc_0               |    1 |
| core_auto_cc_1               |    1 |
| core_auto_cc_0               |    1 |
| core_GND_0                   |    1 |
| core_FlashReset_0_0          |    1 |
| core_CAL_DDR_MIG_0           |    1 |
| calib_param_ram              |    1 |
| buffer_table_ram             |    1 |
| axis_128_to_64               |    1 |
| axis32_to_64_combiner        |    1 |
+------------------------------+------+


