Copyright 1986-1999, 2001-2013 Xilinx, Inc. All Rights Reserved.
-----------------------------------------------------------------------------------------------------------------------------------
| Tool Version : Vivado v.2013.4 (win64) Build 353583 Mon Dec  9 17:49:19 MST 2013
| Date         : Wed Jan 24 21:46:34 2018
| Host         : TELOPS229 running 64-bit Service Pack 1  (build 7601)
| Command      : report_utilization -file d:/Telops/fir-00251-Proc/Reports/isc0207A/fir_00251_proc_isc0207A_utilization_placed.rpt
| Design       : fir_00251_proc_isc0207A
| Device       : xc7k160t
| Design State : Routed
-----------------------------------------------------------------------------------------------------------------------------------

Utilization Design Information

Table of Contents
-----------------
1. Slice Logic
2. Slice Logic Distribution
3. Memory
4. DSP
5. IO and GTX Specific
6. Clocking
7. Specific Feature
8. Primitives
9. Black Boxes
10. Instantiated Netlists

1. Slice Logic
--------------

+----------------------------+--------+-------+-----------+-------+
|          Site Type         |  Used  | Loced | Available | Util% |
+----------------------------+--------+-------+-----------+-------+
| Slice LUTs                 |  75728 |     0 |    101400 | 74.68 |
|   LUT as Logic             |  69426 |     0 |    101400 | 68.46 |
|   LUT as Memory            |   6302 |     0 |     35000 | 18.00 |
|     LUT as Distributed RAM |   2788 |     0 |           |       |
|     LUT as Shift Register  |   3514 |     0 |           |       |
| Slice Registers            | 118894 |     0 |    202800 | 58.62 |
|   Register as Flip Flop    | 118894 |     0 |    202800 | 58.62 |
|   Register as Latch        |      0 |     0 |    202800 |  0.00 |
| F7 Muxes                   |    471 |     0 |     50700 |  0.92 |
| F8 Muxes                   |     18 |     0 |     25350 |  0.07 |
+----------------------------+--------+-------+-----------+-------+


2. Slice Logic Distribution
---------------------------

+-------------------------------------------------------------+-------------+-------+-----------+-------+
|                          Site Type                          |     Used    | Loced | Available | Util% |
+-------------------------------------------------------------+-------------+-------+-----------+-------+
| Slice                                                       |       25322 |     0 |     25350 | 99.88 |
| LUT as Logic                                                |       69426 |     0 |    101400 | 68.46 |
|   using O5 output only                                      |           8 |       |           |       |
|   using O6 output only                                      |       54825 |       |           |       |
|   using O5 and O6                                           |       14593 |       |           |       |
| LUT as Memory                                               |        6302 |     0 |     35000 | 18.00 |
|   LUT as Distributed RAM                                    |        2788 |     0 |           |       |
|     using O5 output only                                    |           0 |       |           |       |
|     using O6 output only                                    |          96 |       |           |       |
|     using O5 and O6                                         |        2692 |       |           |       |
|   LUT as Shift Register                                     |        3514 |     0 |           |       |
|     using O5 output only                                    |         125 |       |           |       |
|     using O6 output only                                    |        1538 |       |           |       |
|     using O5 and O6                                         |        1851 |       |           |       |
| LUT Flip Flop Pairs                                         |       96086 |     0 |    101400 | 94.75 |
|   fully used LUT-FF pairs                                   |       60107 |       |           |       |
|   LUT-FF pairs with unused LUT                              |       20491 |       |           |       |
|   LUT-FF pairs with unused Flip Flop                        |       15488 |       |           |       |
| Unique Control Sets                                         |        4638 |       |           |       |
| Minimum number of registers lost to control set restriction | 13458(Lost) |       |           |       |
+-------------------------------------------------------------+-------------+-------+-----------+-------+


3. Memory
---------

+-------------------+------+-------+-----------+-------+
|     Site Type     | Used | Loced | Available | Util% |
+-------------------+------+-------+-----------+-------+
| Block RAM Tile    |  262 |     0 |       325 | 80.61 |
|   RAMB36/FIFO*    |  212 |     0 |       325 | 65.23 |
|     RAMB36E1 only |  212 |       |           |       |
|   RAMB18          |  100 |     0 |       650 | 15.38 |
|     RAMB18E1 only |  100 |       |           |       |
+-------------------+------+-------+-----------+-------+
* Note: Each Block RAM Tile only has one FIFO logic available and therefore can accommodate only one FIFO36E1 or one FIFO18E1. However, if a FIFO18E1 occupies a Block RAM Tile, that tile can still accommodate a RAMB18E1


4. DSP
------

+----------------+------+-------+-----------+-------+
|    Site Type   | Used | Loced | Available | Util% |
+----------------+------+-------+-----------+-------+
| DSPs           |  112 |     0 |       600 | 18.66 |
|   DSP48E1 only |  112 |       |           |       |
+----------------+------+-------+-----------+-------+


5. IO and GTX Specific
----------------------

+-----------------------------+------+-------+-----------+--------+
|          Site Type          | Used | Loced | Available |  Util% |
+-----------------------------+------+-------+-----------+--------+
| Bonded IOB                  |  305 |   305 |       400 |  76.25 |
|   IOB Master Pads           |  147 |       |           |        |
|   IOB Slave Pads            |  145 |       |           |        |
|   IOB Flip Flops            |   18 |    18 |           |        |
| Bonded IPADs                |   18 |    18 |        26 |  69.23 |
| Bonded OPADs                |   12 |    12 |        16 |  75.00 |
| GTXE2_CHANNEL               |    6 |     6 |         8 |  75.00 |
| GTXE2_COMMON                |    2 |     0 |         2 | 100.00 |
| IBUFGDS                     |    0 |     0 |       384 |   0.00 |
| IDELAYCTRL                  |    4 |     0 |         8 |  50.00 |
| IN_FIFO                     |    6 |     6 |        32 |  18.75 |
| OUT_FIFO                    |   11 |    11 |        32 |  34.37 |
| PHASER_REF                  |    3 |     3 |         8 |  37.50 |
| PHY_CONTROL                 |    3 |     3 |         8 |  37.50 |
| PHASER_OUT/PHASER_OUT_PHY   |   11 |    11 |        32 |  34.37 |
|   PHASER_OUT_PHY only       |   11 |    11 |           |        |
| PHASER_IN/PHASER_IN_PHY     |    6 |     6 |        32 |  18.75 |
|   PHASER_IN_PHY only        |    6 |     6 |           |        |
| IDELAYE2/IDELAYE2_FINEDELAY |   64 |    64 |       400 |  16.00 |
|   IDELAYE2 only             |   64 |    64 |           |        |
| ODELAYE2/ODELAYE2_FINEDELAY |    0 |     0 |       150 |   0.00 |
| IBUFDS_GTE2                 |    2 |     2 |         4 |  50.00 |
| ILOGIC                      |   83 |    83 |       400 |  20.75 |
|   IFF_Register              |    3 |     3 |           |        |
|   ISERDES                   |   80 |    80 |           |        |
| OLOGIC                      |  129 |   129 |       400 |  32.25 |
|   OUTFF_Register            |   15 |    15 |           |        |
|   OUTFF_ODDR_Register       |    8 |     8 |           |        |
|   TFF_ODDR_Register         |    6 |     6 |           |        |
|   OSERDES                   |  106 |   106 |           |        |
+-----------------------------+------+-------+-----------+--------+


6. Clocking
-----------

+------------+------+-------+-----------+-------+
|  Site Type | Used | Loced | Available | Util% |
+------------+------+-------+-----------+-------+
| BUFGCTRL   |   26 |     0 |        32 | 81.25 |
| BUFIO      |    0 |     0 |        32 |  0.00 |
| MMCME2_ADV |    7 |     2 |         8 | 87.50 |
| PLLE2_ADV  |    3 |     2 |         8 | 37.50 |
| BUFMRCE    |    0 |     0 |        16 |  0.00 |
| BUFHCE     |    2 |     0 |       120 |  1.66 |
| BUFR       |    1 |     0 |        32 |  3.12 |
+------------+------+-------+-----------+-------+


7. Specific Feature
-------------------

+-------------+------+-------+-----------+--------+
|  Site Type  | Used | Loced | Available |  Util% |
+-------------+------+-------+-----------+--------+
| BSCANE2     |    1 |     1 |         4 |  25.00 |
| CAPTUREE2   |    0 |     0 |         1 |   0.00 |
| DNA_PORT    |    0 |     0 |         1 |   0.00 |
| EFUSE_USR   |    0 |     0 |         1 |   0.00 |
| FRAME_ECCE2 |    0 |     0 |         1 |   0.00 |
| ICAPE2      |    0 |     0 |         2 |   0.00 |
| PCIE_2_1    |    0 |     0 |         1 |   0.00 |
| STARTUPE2   |    1 |     1 |         1 | 100.00 |
| XADC        |    1 |     1 |         1 | 100.00 |
+-------------+------+-------+-----------+--------+


8. Primitives
-------------

+--------------------------+--------+
|         Ref Name         |  Used  |
+--------------------------+--------+
| FDRE                     | 104796 |
| LUT6                     |  21288 |
| LUT3                     |  21023 |
| LUT2                     |  13222 |
| LUT4                     |  12899 |
| LUT5                     |  12512 |
| FDCE                     |   8843 |
| CARRY4                   |   4666 |
| SRL16E                   |   4407 |
| RAMD32                   |   4054 |
| LUT1                     |   3075 |
| FDPE                     |   2983 |
| FDSE                     |   2290 |
| RAMS32                   |   1330 |
| SRLC32E                  |    914 |
| MUXF7                    |    471 |
| RAMB36E1                 |    212 |
| OBUF                     |    113 |
| IBUF                     |    112 |
| DSP48E1                  |    112 |
| OSERDESE2                |    106 |
| RAMB18E1                 |    100 |
| RAMD64E                  |     96 |
| ISERDESE2                |     80 |
| OBUFT                    |     68 |
| IDELAYE2                 |     64 |
| SRLC16E                  |     44 |
| OBUFT_DCIEN              |     32 |
| IBUF_IBUFDISABLE         |     32 |
| BUFG                     |     26 |
| IBUFDS                   |     20 |
| MUXF8                    |     18 |
| IBUF_INTERMDISABLE       |     16 |
| ODDR                     |     14 |
| PHASER_OUT_PHY           |     11 |
| OUT_FIFO                 |     11 |
| OBUFTDS_DCIEN            |      8 |
| INV                      |      8 |
| IBUFDS_IBUFDISABLE_INT   |      8 |
| MMCME2_ADV               |      7 |
| PHASER_IN_PHY            |      6 |
| IN_FIFO                  |      6 |
| GTXE2_CHANNEL            |      6 |
| OBUFTDS                  |      4 |
| OBUFDS                   |      4 |
| IDELAYCTRL               |      4 |
| IBUFDS_INTERMDISABLE_INT |      4 |
| AND2B1L                  |      4 |
| PLLE2_ADV                |      3 |
| PHY_CONTROL              |      3 |
| PHASER_REF               |      3 |
| IBUFDS_GTE2              |      2 |
| GTXE2_COMMON             |      2 |
| BUFH                     |      2 |
| XADC                     |      1 |
| STARTUPE2                |      1 |
| BUFR                     |      1 |
| BSCANE2                  |      1 |
+--------------------------+--------+


9. Black Boxes
--------------

+----------+------+
| Ref Name | Used |
+----------+------+


10. Instantiated Netlists
-------------------------

+----------+------+
| Ref Name | Used |
+----------+------+


