Copyright 1986-2016 Xilinx, Inc. All Rights Reserved.
---------------------------------------------------------------------------------------------------------------------------------------------------
| Tool Version : Vivado v.2016.3 (win64) Build 1682563 Mon Oct 10 19:07:27 MDT 2016
| Date         : Mon Apr 25 17:14:34 2022
| Host         : TELOPS250 running 64-bit Service Pack 1  (build 7601)
| Command      : report_utilization -file d:/Telops/fir-00251-Proc/Reports/blackbird1520D/fir_00251_proc_325_blackbird1520D_utilization_placed.rpt
| Design       : fir_00251_proc_blackbird1520D
| Device       : 7k325tfbg676-1
| Design State : Routed
---------------------------------------------------------------------------------------------------------------------------------------------------

Utilization Design Information

Table of Contents
-----------------
1. Slice Logic
1.1 Summary of Registers by Type
2. Slice Logic Distribution
3. Memory
4. DSP
5. IO and GT Specific
6. Clocking
7. Specific Feature
8. Primitives
9. Black Boxes
10. Instantiated Netlists

1. Slice Logic
--------------

+----------------------------+--------+-------+-----------+-------+
|          Site Type         |  Used  | Fixed | Available | Util% |
+----------------------------+--------+-------+-----------+-------+
| Slice LUTs                 | 107315 |     0 |    203800 | 52.66 |
|   LUT as Logic             |  97275 |     0 |    203800 | 47.73 |
|   LUT as Memory            |  10040 |     0 |     64000 | 15.69 |
|     LUT as Distributed RAM |   2696 |     0 |           |       |
|     LUT as Shift Register  |   7344 |     0 |           |       |
| Slice Registers            | 165450 |     0 |    407600 | 40.59 |
|   Register as Flip Flop    | 165446 |     0 |    407600 | 40.59 |
|   Register as Latch        |      0 |     0 |    407600 |  0.00 |
|   Register as AND/OR       |      4 |     0 |    407600 | <0.01 |
| F7 Muxes                   |   1005 |     0 |    101900 |  0.99 |
| F8 Muxes                   |     47 |     0 |     50950 |  0.09 |
+----------------------------+--------+-------+-----------+-------+


1.1 Summary of Registers by Type
--------------------------------

+--------+--------------+-------------+--------------+
|  Total | Clock Enable | Synchronous | Asynchronous |
+--------+--------------+-------------+--------------+
| 4      |            _ |           - |            - |
| 0      |            _ |           - |          Set |
| 0      |            _ |           - |        Reset |
| 0      |            _ |         Set |            - |
| 0      |            _ |       Reset |            - |
| 0      |          Yes |           - |            - |
| 5659   |          Yes |           - |          Set |
| 4292   |          Yes |           - |        Reset |
| 6864   |          Yes |         Set |            - |
| 148636 |          Yes |       Reset |            - |
+--------+--------------+-------------+--------------+


2. Slice Logic Distribution
---------------------------

+-------------------------------------------+-------+-------+-----------+-------+
|                 Site Type                 |  Used | Fixed | Available | Util% |
+-------------------------------------------+-------+-------+-----------+-------+
| Slice                                     | 43600 |     0 |     50950 | 85.57 |
|   SLICEL                                  | 29643 |     0 |           |       |
|   SLICEM                                  | 13957 |     0 |           |       |
| LUT as Logic                              | 97275 |     0 |    203800 | 47.73 |
|   using O5 output only                    |    10 |       |           |       |
|   using O6 output only                    | 76470 |       |           |       |
|   using O5 and O6                         | 20795 |       |           |       |
| LUT as Memory                             | 10040 |     0 |     64000 | 15.69 |
|   LUT as Distributed RAM                  |  2696 |     0 |           |       |
|     using O5 output only                  |     0 |       |           |       |
|     using O6 output only                  |     0 |       |           |       |
|     using O5 and O6                       |  2696 |       |           |       |
|   LUT as Shift Register                   |  7344 |     0 |           |       |
|     using O5 output only                  |   370 |       |           |       |
|     using O6 output only                  |  2836 |       |           |       |
|     using O5 and O6                       |  4138 |       |           |       |
| LUT Flip Flop Pairs                       | 64692 |     0 |    203800 | 31.74 |
|   fully used LUT-FF pairs                 | 14924 |       |           |       |
|   LUT-FF pairs with one unused LUT output | 47517 |       |           |       |
|   LUT-FF pairs with one unused Flip Flop  | 36637 |       |           |       |
| Unique Control Sets                       |  7207 |       |           |       |
+-------------------------------------------+-------+-------+-----------+-------+
* Note: Review the Control Sets Report for more information regarding control sets.


3. Memory
---------

+-------------------+------+-------+-----------+-------+
|     Site Type     | Used | Fixed | Available | Util% |
+-------------------+------+-------+-----------+-------+
| Block RAM Tile    |  363 |     0 |       445 | 81.57 |
|   RAMB36/FIFO*    |  308 |     0 |       445 | 69.21 |
|     FIFO36E1 only |    4 |       |           |       |
|     RAMB36E1 only |  304 |       |           |       |
|   RAMB18          |  110 |     0 |       890 | 12.36 |
|     RAMB18E1 only |  110 |       |           |       |
+-------------------+------+-------+-----------+-------+
* Note: Each Block RAM Tile only has one FIFO logic available and therefore can accommodate only one FIFO36E1 or one FIFO18E1. However, if a FIFO18E1 occupies a Block RAM Tile, that tile can still accommodate a RAMB18E1


4. DSP
------

+----------------+------+-------+-----------+-------+
|    Site Type   | Used | Fixed | Available | Util% |
+----------------+------+-------+-----------+-------+
| DSPs           |  173 |     0 |       840 | 20.60 |
|   DSP48E1 only |  173 |       |           |       |
+----------------+------+-------+-----------+-------+


5. IO and GT Specific
---------------------

+-----------------------------+------+-------+-----------+--------+
|          Site Type          | Used | Fixed | Available |  Util% |
+-----------------------------+------+-------+-----------+--------+
| Bonded IOB                  |  319 |   319 |       400 |  79.75 |
|   IOB Master Pads           |  155 |       |           |        |
|   IOB Slave Pads            |  151 |       |           |        |
|   IOB Flip Flops            |    5 |     5 |           |        |
| Bonded IPADs                |   12 |    12 |        26 |  46.15 |
| Bonded OPADs                |    8 |     8 |        16 |  50.00 |
| PHY_CONTROL                 |    4 |     4 |        10 |  40.00 |
| PHASER_REF                  |    4 |     4 |        10 |  40.00 |
| OUT_FIFO                    |   15 |    15 |        40 |  37.50 |
| IN_FIFO                     |   10 |    10 |        40 |  25.00 |
| IDELAYCTRL                  |    5 |     0 |        10 |  50.00 |
| IBUFDS                      |   20 |    20 |       384 |   5.21 |
| GTXE2_COMMON                |    2 |     0 |         2 | 100.00 |
| GTXE2_CHANNEL               |    4 |     4 |         8 |  50.00 |
| PHASER_OUT/PHASER_OUT_PHY   |   15 |    15 |        40 |  37.50 |
|   PHASER_OUT_PHY only       |   15 |    15 |           |        |
| PHASER_IN/PHASER_IN_PHY     |   10 |    10 |        40 |  25.00 |
|   PHASER_IN_PHY only        |   10 |    10 |           |        |
| IDELAYE2/IDELAYE2_FINEDELAY |   96 |    96 |       500 |  19.20 |
|   IDELAYE2 only             |   96 |    96 |           |        |
| ODELAYE2/ODELAYE2_FINEDELAY |    0 |     0 |       150 |   0.00 |
| IBUFDS_GTE2                 |    1 |     1 |         4 |  25.00 |
| ILOGIC                      |  101 |   101 |       400 |  25.25 |
|   IFF_Register              |    5 |     5 |           |        |
|   ISERDES                   |   96 |    96 |           |        |
| OLOGIC                      |  158 |   158 |       400 |  39.50 |
|   OUTFF_ODDR_Register       |   12 |    12 |           |        |
|   TFF_ODDR_Register         |   10 |    10 |           |        |
|   OSERDES                   |  146 |   146 |           |        |
+-----------------------------+------+-------+-----------+--------+


6. Clocking
-----------

+------------+------+-------+-----------+-------+
|  Site Type | Used | Fixed | Available | Util% |
+------------+------+-------+-----------+-------+
| BUFGCTRL   |   27 |     0 |        32 | 84.38 |
| BUFIO      |    0 |     0 |        40 |  0.00 |
| MMCME2_ADV |    7 |     2 |        10 | 70.00 |
| PLLE2_ADV  |    2 |     2 |        10 | 20.00 |
| BUFMRCE    |    0 |     0 |        20 |  0.00 |
| BUFHCE     |    2 |     0 |       168 |  1.19 |
| BUFR       |    0 |     0 |        40 |  0.00 |
+------------+------+-------+-----------+-------+


7. Specific Feature
-------------------

+-------------+------+-------+-----------+--------+
|  Site Type  | Used | Fixed | Available |  Util% |
+-------------+------+-------+-----------+--------+
| BSCANE2     |    1 |     0 |         4 |  25.00 |
| CAPTUREE2   |    0 |     0 |         1 |   0.00 |
| DNA_PORT    |    0 |     0 |         1 |   0.00 |
| EFUSE_USR   |    0 |     0 |         1 |   0.00 |
| FRAME_ECCE2 |    0 |     0 |         1 |   0.00 |
| ICAPE2      |    0 |     0 |         2 |   0.00 |
| PCIE_2_1    |    0 |     0 |         1 |   0.00 |
| STARTUPE2   |    1 |     0 |         1 | 100.00 |
| XADC        |    1 |     1 |         1 | 100.00 |
+-------------+------+-------+-----------+--------+


8. Primitives
-------------

+--------------------------+--------+---------------------+
|         Ref Name         |  Used  | Functional Category |
+--------------------------+--------+---------------------+
| FDRE                     | 148636 |        Flop & Latch |
| LUT3                     |  33849 |                 LUT |
| LUT6                     |  22572 |                 LUT |
| LUT4                     |  20744 |                 LUT |
| LUT2                     |  18206 |                 LUT |
| LUT5                     |  15995 |                 LUT |
| SRL16E                   |   9733 |  Distributed Memory |
| CARRY4                   |   7486 |          CarryLogic |
| FDSE                     |   6864 |        Flop & Latch |
| LUT1                     |   6704 |                 LUT |
| FDPE                     |   5659 |        Flop & Latch |
| FDCE                     |   4292 |        Flop & Latch |
| RAMD32                   |   4076 |  Distributed Memory |
| SRLC32E                  |   1705 |  Distributed Memory |
| RAMS32                   |   1316 |  Distributed Memory |
| MUXF7                    |   1005 |               MuxFx |
| RAMB36E1                 |    304 |        Block Memory |
| DSP48E1                  |    173 |    Block Arithmetic |
| OSERDESE2                |    146 |                  IO |
| RAMB18E1                 |    110 |        Block Memory |
| ISERDESE2                |     96 |                  IO |
| IDELAYE2                 |     96 |                  IO |
| OBUF                     |     89 |                  IO |
| IBUF                     |     86 |                  IO |
| OBUFT                    |     73 |                  IO |
| OBUFT_DCIEN              |     64 |                  IO |
| IBUF_IBUFDISABLE         |     64 |                  IO |
| MUXF8                    |     47 |               MuxFx |
| SRLC16E                  |     44 |  Distributed Memory |
| BUFG                     |     24 |               Clock |
| ODDR                     |     22 |                  IO |
| IBUFDS                   |     20 |                  IO |
| OBUFTDS_DCIEN            |     16 |                  IO |
| IBUF_INTERMDISABLE       |     16 |                  IO |
| IBUFDS_IBUFDISABLE_INT   |     16 |                  IO |
| PHASER_OUT_PHY           |     15 |                  IO |
| OUT_FIFO                 |     15 |                  IO |
| INV                      |     12 |                 LUT |
| PHASER_IN_PHY            |     10 |                  IO |
| IN_FIFO                  |     10 |                  IO |
| OBUFTDS                  |      8 |                  IO |
| MMCME2_ADV               |      7 |               Clock |
| IDELAYCTRL               |      5 |                  IO |
| PHY_CONTROL              |      4 |                  IO |
| PHASER_REF               |      4 |                  IO |
| OBUFDS                   |      4 |                  IO |
| IBUFDS_INTERMDISABLE_INT |      4 |                  IO |
| GTXE2_CHANNEL            |      4 |                  IO |
| FIFO36E1                 |      4 |        Block Memory |
| AND2B1L                  |      4 |              Others |
| BUFGCTRL                 |      3 |               Clock |
| PLLE2_ADV                |      2 |               Clock |
| GTXE2_COMMON             |      2 |                  IO |
| BUFH                     |      2 |               Clock |
| XADC                     |      1 |              Others |
| STARTUPE2                |      1 |              Others |
| IBUFDS_GTE2              |      1 |                  IO |
| BSCANE2                  |      1 |              Others |
+--------------------------+--------+---------------------+


9. Black Boxes
--------------

+----------+------+
| Ref Name | Used |
+----------+------+


10. Instantiated Netlists
-------------------------

+------------------------------------+------+
|              Ref Name              | Used |
+------------------------------------+------+
| t_axi4_stream32_sfifo_d256         |   58 |
| t_axi4_stream32_sfifo_d64          |   40 |
| ip_fp32_axis_mult                  |   40 |
| t_axi4_stream32_sfifo_d16          |   38 |
| fwft_sfifo_w32_d16                 |   38 |
| ip_axis_fi32tofp32                 |   36 |
| ip_axis32_fanout2                  |   30 |
| ip_fp32_axis_subtract              |   18 |
| ip_fp32_axis_add                   |   14 |
| ip_axis_fp32tofi32                 |   14 |
| t_axi4_stream32_sfifo_d1024        |   12 |
| fwft_sfifo_w3_d16                  |   10 |
| ip_fp32_axis_divide                |    8 |
| t_axi4_lite32_w_afifo_d16          |    7 |
| fwft_sfifo_w8_d16                  |    5 |
| ip_fp32_axis_greaterThan           |    4 |
| ip_axis16_reg                      |    4 |
| fwft_sfifo_w192_d16                |    4 |
| fwft_afifo_w36_d512                |    4 |
| t_axi4_stream32_sfifo_d2048        |    3 |
| fwft_sfifo_wr66_rd66_d512          |    3 |
| fwft_sfifo_w72_d16                 |    3 |
| fwft_afifo_wr66_rd66_d512          |    3 |
| tdp_ram_w8_d2048                   |    2 |
| t_axi4_stream8_sfifo_d2048         |    2 |
| t_axi4_stream64_sfifo_d16          |    2 |
| t_axi4_stream32_afifo_d512         |    2 |
| t_axi4_stream16_sfifo_d16          |    2 |
| ip_fp32_axis_sqroot                |    2 |
| ip_axis16_combine_axis32           |    2 |
| fwft_sfifo_w3_d256                 |    2 |
| fwft_afifo_wr34_rd68_d1024         |    2 |
| fwft_afifo_w96_d128                |    2 |
| fwft_afifo_w76_d512                |    2 |
| video_mgt                          |    1 |
| usart_mmcm                         |    1 |
| tdp_ram_w32_d32768                 |    1 |
| tdp_ram_w32_d16384                 |    1 |
| t_axi4_stream64_sfifo_d128         |    1 |
| t_axi4_stream64_afifo_d512         |    1 |
| t_axi4_stream64_afifo_d16          |    1 |
| t_axi4_stream64_afifo_d1024        |    1 |
| sfifo_w8_d64_no_output_reg         |    1 |
| sfifo_w8_d64                       |    1 |
| sdp_ram_w32_d128                   |    1 |
| ip_blk_mem_gen_w32_d8192           |    1 |
| ip_axis64_fanout2                  |    1 |
| ip_axis32_split_axis16             |    1 |
| ip_axis32_merge_axis64             |    1 |
| ip_axis16_merge_axis64             |    1 |
| ip_axis128_split_axis64            |    1 |
| ip_axi_bram_ctrl                   |    1 |
| histogram_axis_tmi_4pix_0          |    1 |
| fwft_sfifo_wr66_rd66_d128          |    1 |
| fwft_sfifo_w72_d512                |    1 |
| fwft_sfifo_w4_d1024                |    1 |
| fwft_afifo_wr68_rd34_d16           |    1 |
| fwft_afifo_wr66_rd132_d32          |    1 |
| fwft_afifo_wr132_rd66_d16          |    1 |
| fwft_afifo_w32_d16                 |    1 |
| exp_mgt                            |    1 |
| ehdri_index_mem                    |    1 |
| dp_ram_byte_w32_d64                |    1 |
| data_mgt                           |    1 |
| core_4DDR_xbar_5                   |    1 |
| core_4DDR_xbar_4                   |    1 |
| core_4DDR_xbar_3                   |    1 |
| core_4DDR_xbar_2                   |    1 |
| core_4DDR_xbar_1                   |    1 |
| core_4DDR_xbar_0                   |    1 |
| core_4DDR_xadc_wiz_1_0             |    1 |
| core_4DDR_proc_sys_reset_1_0       |    1 |
| core_4DDR_power_management_0       |    1 |
| core_4DDR_pleora_uart_0            |    1 |
| core_4DDR_oem_uart_0               |    1 |
| core_4DDR_mig_7series_0_0          |    1 |
| core_4DDR_microblaze_1_axi_intc_0  |    1 |
| core_4DDR_microblaze_1_0           |    1 |
| core_4DDR_mdm_1_0                  |    1 |
| core_4DDR_lmb_bram_0               |    1 |
| core_4DDR_intr_concact_0           |    1 |
| core_4DDR_ilmb_v10_0               |    1 |
| core_4DDR_ilmb_bram_if_cntlr_0     |    1 |
| core_4DDR_fw_uart_0                |    1 |
| core_4DDR_fpga_output_uart_0       |    1 |
| core_4DDR_dlmb_v10_0               |    1 |
| core_4DDR_dlmb_bram_if_cntlr_0     |    1 |
| core_4DDR_clk_wiz_1_0              |    1 |
| core_4DDR_clink_uart_0             |    1 |
| core_4DDR_axis_clock_converter_4_0 |    1 |
| core_4DDR_axis_clock_converter_3_0 |    1 |
| core_4DDR_axis_clock_converter_2_0 |    1 |
| core_4DDR_axis_clock_converter_1_0 |    1 |
| core_4DDR_axis_clock_converter_0_0 |    1 |
| core_4DDR_axi_usb_uart_0           |    1 |
| core_4DDR_axi_timer_0_0            |    1 |
| core_4DDR_axi_quad_spi_0_0         |    1 |
| core_4DDR_axi_ndf_uart_0           |    1 |
| core_4DDR_axi_lens_uart_0          |    1 |
| core_4DDR_axi_iic_0_0              |    1 |
| core_4DDR_axi_gps_uart_0           |    1 |
| core_4DDR_axi_gpio_0_0             |    1 |
| core_4DDR_axi_dm_frame_buffer_0    |    1 |
| core_4DDR_axi_dm_buffer_0          |    1 |
| core_4DDR_axi_datamover_ddrcal_0   |    1 |
| core_4DDR_auto_us_3                |    1 |
| core_4DDR_auto_us_2                |    1 |
| core_4DDR_auto_us_1                |    1 |
| core_4DDR_auto_us_0                |    1 |
| core_4DDR_auto_pc_2                |    1 |
| core_4DDR_auto_pc_1                |    1 |
| core_4DDR_auto_pc_0                |    1 |
| core_4DDR_auto_ds_9                |    1 |
| core_4DDR_auto_ds_8                |    1 |
| core_4DDR_auto_ds_7                |    1 |
| core_4DDR_auto_ds_6                |    1 |
| core_4DDR_auto_ds_5                |    1 |
| core_4DDR_auto_ds_4                |    1 |
| core_4DDR_auto_ds_3                |    1 |
| core_4DDR_auto_ds_2                |    1 |
| core_4DDR_auto_ds_14               |    1 |
| core_4DDR_auto_ds_13               |    1 |
| core_4DDR_auto_ds_12               |    1 |
| core_4DDR_auto_ds_11               |    1 |
| core_4DDR_auto_ds_10               |    1 |
| core_4DDR_auto_ds_1                |    1 |
| core_4DDR_auto_ds_0                |    1 |
| core_4DDR_auto_cc_2                |    1 |
| core_4DDR_auto_cc_1                |    1 |
| core_4DDR_auto_cc_0                |    1 |
| core_4DDR_GND_0                    |    1 |
| core_4DDR_FlashReset_0_0           |    1 |
| core_4DDR_CAL_DDR_MIG_0            |    1 |
| calib_param_ram                    |    1 |
| buffer_table_ram                   |    1 |
| bb1920D_clks_mmcm                  |    1 |
+------------------------------------+------+


