Copyright 1986-1999, 2001-2013 Xilinx, Inc. All Rights Reserved.
-----------------------------------------------------------------------------------------------------------------------------------------------
| Tool Version : Vivado v.2013.4 (win64) Build 353583 Mon Dec  9 17:49:19 MST 2013
| Date         : Wed Sep 07 23:54:42 2016
| Host         : TELOPS177 running 64-bit Service Pack 1  (build 7601)
| Command      : report_utilization -file fir_00251_proc_scorpiomwA_utilization_placed.rpt -pb fir_00251_proc_scorpiomwA_utilization_placed.pb
| Design       : fir_00251_proc_scorpiomwA
| Device       : xc7k160t
| Design State : Fully Placed
-----------------------------------------------------------------------------------------------------------------------------------------------

Utilization Design Information

Table of Contents
-----------------
1. Slice Logic
2. Slice Logic Distribution
3. Memory
4. DSP
5. IO and GTX Specific
6. Clocking
7. Specific Feature
8. Primitives
9. Black Boxes
10. Instantiated Netlists

1. Slice Logic
--------------

+----------------------------+--------+-------+-----------+-------+
|          Site Type         |  Used  | Loced | Available | Util% |
+----------------------------+--------+-------+-----------+-------+
| Slice LUTs                 |  74418 |     0 |    101400 | 73.39 |
|   LUT as Logic             |  67542 |     0 |    101400 | 66.60 |
|   LUT as Memory            |   6876 |     0 |     35000 | 19.64 |
|     LUT as Distributed RAM |   2892 |     0 |           |       |
|     LUT as Shift Register  |   3984 |     0 |           |       |
| Slice Registers            | 129218 |     2 |    202800 | 63.71 |
|   Register as Flip Flop    | 129218 |     2 |    202800 | 63.71 |
|   Register as Latch        |      0 |     0 |    202800 |  0.00 |
| F7 Muxes                   |    443 |     0 |     50700 |  0.87 |
| F8 Muxes                   |     17 |     0 |     25350 |  0.06 |
+----------------------------+--------+-------+-----------+-------+


2. Slice Logic Distribution
---------------------------

+-------------------------------------------------------------+-------------+-------+-----------+-------+
|                          Site Type                          |     Used    | Loced | Available | Util% |
+-------------------------------------------------------------+-------------+-------+-----------+-------+
| Slice                                                       |       25326 |     0 |     25350 | 99.90 |
| LUT as Logic                                                |       67542 |     0 |    101400 | 66.60 |
|   using O5 output only                                      |          14 |       |           |       |
|   using O6 output only                                      |       53171 |       |           |       |
|   using O5 and O6                                           |       14357 |       |           |       |
| LUT as Memory                                               |        6876 |     0 |     35000 | 19.64 |
|   LUT as Distributed RAM                                    |        2892 |     0 |           |       |
|     using O5 output only                                    |           0 |       |           |       |
|     using O6 output only                                    |          96 |       |           |       |
|     using O5 and O6                                         |        2796 |       |           |       |
|   LUT as Shift Register                                     |        3984 |     0 |           |       |
|     using O5 output only                                    |         120 |       |           |       |
|     using O6 output only                                    |        1588 |       |           |       |
|     using O5 and O6                                         |        2276 |       |           |       |
| LUT Flip Flop Pairs                                         |       97697 |     0 |    101400 | 96.34 |
|   fully used LUT-FF pairs                                   |       60482 |       |           |       |
|   LUT-FF pairs with unused LUT                              |       23413 |       |           |       |
|   LUT-FF pairs with unused Flip Flop                        |       13802 |       |           |       |
| Unique Control Sets                                         |        4503 |       |           |       |
| Minimum number of registers lost to control set restriction | 12614(Lost) |       |           |       |
+-------------------------------------------------------------+-------------+-------+-----------+-------+


3. Memory
---------

+-------------------+-------+-------+-----------+-------+
|     Site Type     |  Used | Loced | Available | Util% |
+-------------------+-------+-------+-----------+-------+
| Block RAM Tile    | 254.5 |     0 |       325 | 78.15 |
|   RAMB36/FIFO*    |   209 |     0 |       325 | 64.30 |
|     RAMB36E1 only |   209 |       |           |       |
|   RAMB18          |    91 |     0 |       650 | 14.00 |
|     RAMB18E1 only |    91 |       |           |       |
+-------------------+-------+-------+-----------+-------+
* Note: Each Block RAM Tile only has one FIFO logic available and therefore can accommodate only one FIFO36E1 or one FIFO18E1. However, if a FIFO18E1 occupies a Block RAM Tile, that tile can still accommodate a RAMB18E1


4. DSP
------

+----------------+------+-------+-----------+-------+
|    Site Type   | Used | Loced | Available | Util% |
+----------------+------+-------+-----------+-------+
| DSPs           |  108 |     0 |       600 | 18.00 |
|   DSP48E1 only |  108 |       |           |       |
+----------------+------+-------+-----------+-------+


5. IO and GTX Specific
----------------------

+-----------------------------+------+-------+-----------+--------+
|          Site Type          | Used | Loced | Available |  Util% |
+-----------------------------+------+-------+-----------+--------+
| Bonded IOB                  |  283 |   283 |       400 |  70.75 |
|   IOB Master Pads           |  137 |       |           |        |
|   IOB Slave Pads            |  135 |       |           |        |
|   IOB Flip Flops            |   18 |    18 |           |        |
| Bonded IPADs                |   18 |    18 |        26 |  69.23 |
| Bonded OPADs                |   12 |    12 |        16 |  75.00 |
| GTXE2_CHANNEL               |    6 |     6 |         8 |  75.00 |
| GTXE2_COMMON                |    2 |     1 |         2 | 100.00 |
| IBUFGDS                     |    0 |     0 |       384 |   0.00 |
| IDELAYCTRL                  |    3 |     0 |         8 |  37.50 |
| IN_FIFO                     |    6 |     6 |        32 |  18.75 |
| OUT_FIFO                    |   11 |    11 |        32 |  34.37 |
| PHASER_REF                  |    3 |     3 |         8 |  37.50 |
| PHY_CONTROL                 |    3 |     3 |         8 |  37.50 |
| PHASER_OUT/PHASER_OUT_PHY   |   11 |    11 |        32 |  34.37 |
|   PHASER_OUT_PHY only       |   11 |    11 |           |        |
| PHASER_IN/PHASER_IN_PHY     |    6 |     6 |        32 |  18.75 |
|   PHASER_IN_PHY only        |    6 |     6 |           |        |
| IDELAYE2/IDELAYE2_FINEDELAY |   58 |    58 |       400 |  14.50 |
|   IDELAYE2 only             |   58 |    58 |           |        |
| ODELAYE2/ODELAYE2_FINEDELAY |    0 |     0 |       150 |   0.00 |
| IBUFDS_GTE2                 |    2 |     2 |         4 |  50.00 |
| ILOGIC                      |   71 |    71 |       400 |  17.75 |
|   IFF_Register              |    3 |     3 |           |        |
|   ISERDES                   |   68 |    68 |           |        |
| OLOGIC                      |  137 |   137 |       400 |  34.25 |
|   OUTFF_Register            |   15 |    15 |           |        |
|   OUTFF_ODDR_Register       |   16 |     8 |           |        |
|   TFF_ODDR_Register         |    6 |     6 |           |        |
|   OSERDES                   |  106 |   106 |           |        |
+-----------------------------+------+-------+-----------+--------+


6. Clocking
-----------

+------------+------+-------+-----------+-------+
|  Site Type | Used | Loced | Available | Util% |
+------------+------+-------+-----------+-------+
| BUFGCTRL   |   24 |     0 |        32 | 75.00 |
| BUFIO      |    0 |     0 |        32 |  0.00 |
| MMCME2_ADV |    6 |     2 |         8 | 75.00 |
| PLLE2_ADV  |    4 |     2 |         8 | 50.00 |
| BUFMRCE    |    0 |     0 |        16 |  0.00 |
| BUFHCE     |    2 |     0 |       120 |  1.66 |
| BUFR       |    1 |     0 |        32 |  3.12 |
+------------+------+-------+-----------+-------+


7. Specific Feature
-------------------

+-------------+------+-------+-----------+--------+
|  Site Type  | Used | Loced | Available |  Util% |
+-------------+------+-------+-----------+--------+
| BSCANE2     |    1 |     1 |         4 |  25.00 |
| CAPTUREE2   |    0 |     0 |         1 |   0.00 |
| DNA_PORT    |    0 |     0 |         1 |   0.00 |
| EFUSE_USR   |    0 |     0 |         1 |   0.00 |
| FRAME_ECCE2 |    0 |     0 |         1 |   0.00 |
| ICAPE2      |    0 |     0 |         2 |   0.00 |
| PCIE_2_1    |    0 |     0 |         1 |   0.00 |
| STARTUPE2   |    1 |     1 |         1 | 100.00 |
| XADC        |    1 |     1 |         1 | 100.00 |
+-------------+------+-------+-----------+--------+


8. Primitives
-------------

+--------------------------+--------+
|         Ref Name         |  Used  |
+--------------------------+--------+
| FDRE                     | 115081 |
| LUT6                     |  20845 |
| LUT3                     |  20375 |
| LUT4                     |  13404 |
| LUT2                     |  12443 |
| LUT5                     |  11625 |
| FDCE                     |   8342 |
| SRL16E                   |   5292 |
| CARRY4                   |   4287 |
| RAMD32                   |   4210 |
| FDPE                     |   3347 |
| LUT1                     |   3207 |
| FDSE                     |   2466 |
| RAMS32                   |   1382 |
| SRLC32E                  |    924 |
| MUXF7                    |    443 |
| RAMB36E1                 |    209 |
| IBUF                     |    111 |
| OBUF                     |    108 |
| DSP48E1                  |    108 |
| OSERDESE2                |    106 |
| RAMD64E                  |     96 |
| RAMB18E1                 |     91 |
| OBUFT                    |     68 |
| ISERDESE2                |     68 |
| IDELAYE2                 |     58 |
| SRLC16E                  |     44 |
| OBUFT_DCIEN              |     32 |
| IBUF_IBUFDISABLE         |     32 |
| BUFG                     |     24 |
| ODDR                     |     22 |
| MUXF8                    |     17 |
| IBUF_INTERMDISABLE       |     16 |
| IBUFDS                   |     12 |
| PHASER_OUT_PHY           |     11 |
| OUT_FIFO                 |     11 |
| OBUFTDS_DCIEN            |      8 |
| INV                      |      8 |
| IBUFDS_IBUFDISABLE_INT   |      8 |
| PHASER_IN_PHY            |      6 |
| MMCME2_ADV               |      6 |
| IN_FIFO                  |      6 |
| GTXE2_CHANNEL            |      6 |
| PLLE2_ADV                |      4 |
| OBUFTDS                  |      4 |
| OBUFDS                   |      4 |
| IBUFDS_INTERMDISABLE_INT |      4 |
| AND2B1L                  |      4 |
| PHY_CONTROL              |      3 |
| PHASER_REF               |      3 |
| IDELAYCTRL               |      3 |
| IBUFDS_GTE2              |      2 |
| GTXE2_COMMON             |      2 |
| BUFH                     |      2 |
| XADC                     |      1 |
| STARTUPE2                |      1 |
| BUFR                     |      1 |
| BSCANE2                  |      1 |
+--------------------------+--------+


9. Black Boxes
--------------

+----------+------+
| Ref Name | Used |
+----------+------+


10. Instantiated Netlists
-------------------------

+---------------------------------------------+------+
|                   Ref Name                  | Used |
+---------------------------------------------+------+
| video_mgt                                   |    1 |
| usart_mmcm                                  |    1 |
| tdp_ram_w32_d32768                          |    1 |
| tdp_ram_w32_d16384                          |    1 |
| t_axi4_stream8_sfifo_d2048_HD2866           |    1 |
| t_axi4_stream8_sfifo_d2048                  |    1 |
| t_axi4_stream32_sfifo_d64_HD989             |    1 |
| t_axi4_stream32_sfifo_d64_HD968             |    1 |
| t_axi4_stream32_sfifo_d64_HD947             |    1 |
| t_axi4_stream32_sfifo_d64_HD926             |    1 |
| t_axi4_stream32_sfifo_d64_HD905             |    1 |
| t_axi4_stream32_sfifo_d64_HD884             |    1 |
| t_axi4_stream32_sfifo_d64_HD863             |    1 |
| t_axi4_stream32_sfifo_d64_HD842             |    1 |
| t_axi4_stream32_sfifo_d64_HD821             |    1 |
| t_axi4_stream32_sfifo_d64_HD800             |    1 |
| t_axi4_stream32_sfifo_d64_HD779             |    1 |
| t_axi4_stream32_sfifo_d64_HD758             |    1 |
| t_axi4_stream32_sfifo_d64_HD1136            |    1 |
| t_axi4_stream32_sfifo_d64_HD1115            |    1 |
| t_axi4_stream32_sfifo_d64_HD1094            |    1 |
| t_axi4_stream32_sfifo_d64_HD1073            |    1 |
| t_axi4_stream32_sfifo_d64_HD1052            |    1 |
| t_axi4_stream32_sfifo_d64_HD1031            |    1 |
| t_axi4_stream32_sfifo_d64_HD1010            |    1 |
| t_axi4_stream32_sfifo_d64                   |    1 |
| t_axi4_stream32_sfifo_d256_HD1796           |    1 |
| t_axi4_stream32_sfifo_d256_HD1775           |    1 |
| t_axi4_stream32_sfifo_d256_HD1754           |    1 |
| t_axi4_stream32_sfifo_d256_HD1733           |    1 |
| t_axi4_stream32_sfifo_d256_HD1712           |    1 |
| t_axi4_stream32_sfifo_d256_HD1691           |    1 |
| t_axi4_stream32_sfifo_d256_HD1670           |    1 |
| t_axi4_stream32_sfifo_d256_HD1649           |    1 |
| t_axi4_stream32_sfifo_d256_HD1628           |    1 |
| t_axi4_stream32_sfifo_d256_HD1607           |    1 |
| t_axi4_stream32_sfifo_d256_HD1586           |    1 |
| t_axi4_stream32_sfifo_d256_HD1565           |    1 |
| t_axi4_stream32_sfifo_d256_HD1544           |    1 |
| t_axi4_stream32_sfifo_d256_HD1523           |    1 |
| t_axi4_stream32_sfifo_d256_HD1502           |    1 |
| t_axi4_stream32_sfifo_d256_HD1481           |    1 |
| t_axi4_stream32_sfifo_d256_HD1460           |    1 |
| t_axi4_stream32_sfifo_d256_HD1439           |    1 |
| t_axi4_stream32_sfifo_d256_HD1418           |    1 |
| t_axi4_stream32_sfifo_d256_HD1397           |    1 |
| t_axi4_stream32_sfifo_d256_HD1376           |    1 |
| t_axi4_stream32_sfifo_d256_HD1355           |    1 |
| t_axi4_stream32_sfifo_d256_HD1334           |    1 |
| t_axi4_stream32_sfifo_d256_HD1313           |    1 |
| t_axi4_stream32_sfifo_d256_HD1292           |    1 |
| t_axi4_stream32_sfifo_d256_HD1271           |    1 |
| t_axi4_stream32_sfifo_d256_HD1250           |    1 |
| t_axi4_stream32_sfifo_d256_HD1229           |    1 |
| t_axi4_stream32_sfifo_d256_HD1208           |    1 |
| t_axi4_stream32_sfifo_d256_HD1187           |    1 |
| t_axi4_stream32_sfifo_d256                  |    1 |
| t_axi4_stream32_sfifo_d2048_HD1818          |    1 |
| t_axi4_stream32_sfifo_d2048                 |    1 |
| t_axi4_stream32_sfifo_d16_HD2222            |    1 |
| t_axi4_stream32_sfifo_d16_HD2201            |    1 |
| t_axi4_stream32_sfifo_d16_HD2180            |    1 |
| t_axi4_stream32_sfifo_d16_HD2159            |    1 |
| t_axi4_stream32_sfifo_d16_HD2138            |    1 |
| t_axi4_stream32_sfifo_d16_HD2117            |    1 |
| t_axi4_stream32_sfifo_d16_HD2096            |    1 |
| t_axi4_stream32_sfifo_d16_HD2075            |    1 |
| t_axi4_stream32_sfifo_d16_HD2054            |    1 |
| t_axi4_stream32_sfifo_d16_HD2033            |    1 |
| t_axi4_stream32_sfifo_d16_HD2012            |    1 |
| t_axi4_stream32_sfifo_d16_HD1991            |    1 |
| t_axi4_stream32_sfifo_d16_HD1970            |    1 |
| t_axi4_stream32_sfifo_d16_HD1949            |    1 |
| t_axi4_stream32_sfifo_d16_HD1928            |    1 |
| t_axi4_stream32_sfifo_d16_HD1907            |    1 |
| t_axi4_stream32_sfifo_d16_HD1886            |    1 |
| t_axi4_stream32_sfifo_d16_HD1865            |    1 |
| t_axi4_stream32_sfifo_d16                   |    1 |
| t_axi4_stream32_sfifo_d1024_HD2356          |    1 |
| t_axi4_stream32_sfifo_d1024_HD2329          |    1 |
| t_axi4_stream32_sfifo_d1024_HD2302          |    1 |
| t_axi4_stream32_sfifo_d1024_HD2275          |    1 |
| t_axi4_stream32_sfifo_d1024_HD2248          |    1 |
| t_axi4_stream32_sfifo_d1024                 |    1 |
| t_axi4_stream32_afifo_d512_HD2477           |    1 |
| t_axi4_stream32_afifo_d512_HD2447           |    1 |
| t_axi4_stream32_afifo_d512_HD2417           |    1 |
| t_axi4_stream32_afifo_d512_HD2387           |    1 |
| t_axi4_stream32_afifo_d512                  |    1 |
| t_axi4_stream16_sfifo_d16_HD2973            |    1 |
| t_axi4_stream16_sfifo_d16_HD2952            |    1 |
| t_axi4_stream16_sfifo_d16                   |    1 |
| t_axi4_lite32_w_afifo_d16_HD3360            |    1 |
| t_axi4_lite32_w_afifo_d16_HD3288            |    1 |
| t_axi4_lite32_w_afifo_d16_HD3216            |    1 |
| t_axi4_lite32_w_afifo_d16_HD3144            |    1 |
| t_axi4_lite32_w_afifo_d16_HD3072            |    1 |
| t_axi4_lite32_w_afifo_d16_HD3000            |    1 |
| t_axi4_lite32_w_afifo_d16                   |    1 |
| sdp_ram_w32_d128                            |    1 |
| scorpiomwA_18MHz_mmcm                       |    1 |
| mmcm_clk_20MHz                              |    1 |
| ip_fp32_axis_subtract_HD2543                |    1 |
| ip_fp32_axis_subtract_HD2539                |    1 |
| ip_fp32_axis_subtract_HD2535                |    1 |
| ip_fp32_axis_subtract_HD2531                |    1 |
| ip_fp32_axis_subtract_HD2527                |    1 |
| ip_fp32_axis_subtract_HD2523                |    1 |
| ip_fp32_axis_subtract_HD2519                |    1 |
| ip_fp32_axis_subtract_HD2515                |    1 |
| ip_fp32_axis_subtract                       |    1 |
| ip_fp32_axis_sqroot                         |    1 |
| ip_fp32_axis_mult_HD2830                    |    1 |
| ip_fp32_axis_mult_HD2825                    |    1 |
| ip_fp32_axis_mult_HD2820                    |    1 |
| ip_fp32_axis_mult_HD2815                    |    1 |
| ip_fp32_axis_mult_HD2810                    |    1 |
| ip_fp32_axis_mult_HD2805                    |    1 |
| ip_fp32_axis_mult_HD2800                    |    1 |
| ip_fp32_axis_mult_HD2795                    |    1 |
| ip_fp32_axis_mult_HD2790                    |    1 |
| ip_fp32_axis_mult_HD2785                    |    1 |
| ip_fp32_axis_mult_HD2780                    |    1 |
| ip_fp32_axis_mult_HD2775                    |    1 |
| ip_fp32_axis_mult_HD2770                    |    1 |
| ip_fp32_axis_mult_HD2765                    |    1 |
| ip_fp32_axis_mult_HD2760                    |    1 |
| ip_fp32_axis_mult_HD2755                    |    1 |
| ip_fp32_axis_mult_HD2750                    |    1 |
| ip_fp32_axis_mult_HD2745                    |    1 |
| ip_fp32_axis_mult_HD2740                    |    1 |
| ip_fp32_axis_mult                           |    1 |
| ip_fp32_axis_greaterThan_HD2548             |    1 |
| ip_fp32_axis_greaterThan                    |    1 |
| ip_fp32_axis_divide_HD2902                  |    1 |
| ip_fp32_axis_divide_HD2898                  |    1 |
| ip_fp32_axis_divide_HD2894                  |    1 |
| ip_fp32_axis_divide                         |    1 |
| ip_fp32_axis_add_HD2861                     |    1 |
| ip_fp32_axis_add_HD2857                     |    1 |
| ip_fp32_axis_add_HD2853                     |    1 |
| ip_fp32_axis_add_HD2849                     |    1 |
| ip_fp32_axis_add_HD2845                     |    1 |
| ip_fp32_axis_add_HD2841                     |    1 |
| ip_fp32_axis_add                            |    1 |
| ip_blk_mem_gen_w32_d8192                    |    1 |
| ip_axis_fp32tofi32_HD2573                   |    1 |
| ip_axis_fp32tofi32_HD2570                   |    1 |
| ip_axis_fp32tofi32_HD2567                   |    1 |
| ip_axis_fp32tofi32_HD2564                   |    1 |
| ip_axis_fp32tofi32_HD2561                   |    1 |
| ip_axis_fp32tofi32_HD2558                   |    1 |
| ip_axis_fp32tofi32                          |    1 |
| ip_axis_fi32tofp32_HD2657                   |    1 |
| ip_axis_fi32tofp32_HD2653                   |    1 |
| ip_axis_fi32tofp32_HD2649                   |    1 |
| ip_axis_fi32tofp32_HD2645                   |    1 |
| ip_axis_fi32tofp32_HD2641                   |    1 |
| ip_axis_fi32tofp32_HD2637                   |    1 |
| ip_axis_fi32tofp32_HD2633                   |    1 |
| ip_axis_fi32tofp32_HD2629                   |    1 |
| ip_axis_fi32tofp32_HD2625                   |    1 |
| ip_axis_fi32tofp32_HD2621                   |    1 |
| ip_axis_fi32tofp32_HD2617                   |    1 |
| ip_axis_fi32tofp32_HD2613                   |    1 |
| ip_axis_fi32tofp32_HD2609                   |    1 |
| ip_axis_fi32tofp32_HD2605                   |    1 |
| ip_axis_fi32tofp32_HD2601                   |    1 |
| ip_axis_fi32tofp32_HD2597                   |    1 |
| ip_axis_fi32tofp32_HD2593                   |    1 |
| ip_axis_fi32tofp32                          |    1 |
| ip_axis8_fanout2                            |    1 |
| ip_axis32_fanout2_HD2718                    |    1 |
| ip_axis32_fanout2_HD2715                    |    1 |
| ip_axis32_fanout2_HD2712                    |    1 |
| ip_axis32_fanout2_HD2709                    |    1 |
| ip_axis32_fanout2_HD2706                    |    1 |
| ip_axis32_fanout2_HD2703                    |    1 |
| ip_axis32_fanout2_HD2700                    |    1 |
| ip_axis32_fanout2_HD2697                    |    1 |
| ip_axis32_fanout2_HD2694                    |    1 |
| ip_axis32_fanout2_HD2691                    |    1 |
| ip_axis32_fanout2_HD2688                    |    1 |
| ip_axis32_fanout2_HD2685                    |    1 |
| ip_axis32_fanout2_HD2682                    |    1 |
| ip_axis32_fanout2_HD2679                    |    1 |
| ip_axis32_fanout2_HD2676                    |    1 |
| ip_axis32_fanout2                           |    1 |
| ip_axis16_merge_axis32_HD3437               |    1 |
| ip_axis16_merge_axis32_HD3434               |    1 |
| ip_axis16_merge_axis32                      |    1 |
| ip_axi_bram_ctrl                            |    1 |
| histogram_axis_tmi_c_counter_binary_v12_0_0 |    1 |
| histogram_axis_tmi_c_addsub_v12_0_0         |    1 |
| histogram_axis_tmi_blk_mem_gen_v8_1_0       |    1 |
| fwft_sfifo_w8_d256_HD2907                   |    1 |
| fwft_sfifo_w8_d256                          |    1 |
| fwft_sfifo_w8_d16                           |    1 |
| fwft_sfifo_w76_d16_HD3441                   |    1 |
| fwft_sfifo_w76_d16                          |    1 |
| fwft_sfifo_w72_d16_HD468                    |    1 |
| fwft_sfifo_w72_d16                          |    1 |
| fwft_sfifo_w56_d256_HD2929                  |    1 |
| fwft_sfifo_w56_d256                         |    1 |
| fwft_sfifo_w3_d16_HD50                      |    1 |
| fwft_sfifo_w3_d16_HD29                      |    1 |
| fwft_sfifo_w3_d16                           |    1 |
| fwft_sfifo_w33_d16_HD490                    |    1 |
| fwft_sfifo_w33_d16                          |    1 |
| fwft_sfifo_w32_d16_HD89                     |    1 |
| fwft_sfifo_w32_d16_HD446                    |    1 |
| fwft_sfifo_w32_d16_HD425                    |    1 |
| fwft_sfifo_w32_d16_HD404                    |    1 |
| fwft_sfifo_w32_d16_HD383                    |    1 |
| fwft_sfifo_w32_d16_HD362                    |    1 |
| fwft_sfifo_w32_d16_HD341                    |    1 |
| fwft_sfifo_w32_d16_HD320                    |    1 |
| fwft_sfifo_w32_d16_HD299                    |    1 |
| fwft_sfifo_w32_d16_HD278                    |    1 |
| fwft_sfifo_w32_d16_HD257                    |    1 |
| fwft_sfifo_w32_d16_HD236                    |    1 |
| fwft_sfifo_w32_d16_HD215                    |    1 |
| fwft_sfifo_w32_d16_HD194                    |    1 |
| fwft_sfifo_w32_d16_HD173                    |    1 |
| fwft_sfifo_w32_d16_HD152                    |    1 |
| fwft_sfifo_w32_d16_HD131                    |    1 |
| fwft_sfifo_w32_d16_HD110                    |    1 |
| fwft_sfifo_w32_d16                          |    1 |
| fwft_sfifo_w192_d16_HD2                     |    1 |
| fwft_sfifo_w192_d16                         |    1 |
| fwft_afifo_w62_d16_HD3465                   |    1 |
| fwft_afifo_w62_d16                          |    1 |
| exp_mgt                                     |    1 |
| ehdri_index_mem                             |    1 |
| dp_ram_byte_w32_d64                         |    1 |
| data_mgt                                    |    1 |
| core                                        |    1 |
| calib_param_ram                             |    1 |
| buffer_table_ram                            |    1 |
| axis_32_to_16                               |    1 |
| afifo_w57d16_HD3487                         |    1 |
| afifo_w57d16                                |    1 |
| AXI4_Stream64_to_32_HD569                   |    1 |
| AXI4_Stream64_to_32_HD513                   |    1 |
| AXI4_Stream64_to_32                         |    1 |
| AXI4_Stream32_to_64_HD683                   |    1 |
| AXI4_Stream32_to_64_HD627                   |    1 |
| AXI4_Stream32_to_64                         |    1 |
+---------------------------------------------+------+


