Copyright 1986-2018 Xilinx, Inc. All Rights Reserved.
--------------------------------------------------------------------------------------------------------------------------
| Tool Version     : Vivado v.2018.3_AR71948_AR71898 (win64) Build 2405991 Thu Dec  6 23:38:27 MST 2018
| Date             : Fri Oct  6 19:04:51 2023
| Host             : Telops330 running 64-bit major release  (build 9200)
| Command          : report_power -file d:/Telops/fir-00251-Proc/Reports/hawkA/fir_00251_proc_160_hawkA_power.rpt
| Design           : fir_00251_proc_hawkA
| Device           : xc7k160tfbg676-1
| Design State     : routed
| Grade            : industrial
| Process          : typical
| Characterization : Production
--------------------------------------------------------------------------------------------------------------------------

Power Report

Table of Contents
-----------------
1. Summary
1.1 On-Chip Components
1.2 Power Supply Summary
1.3 Confidence Level
2. Settings
2.1 Environment
2.2 Clock Constraints
3. Detailed Reports
3.1 By Hierarchy

1. Summary
----------

+--------------------------+--------------+
| Total On-Chip Power (W)  | 4.260        |
| Design Power Budget (W)  | Unspecified* |
| Power Budget Margin (W)  | NA           |
| Dynamic (W)              | 4.105        |
| Device Static (W)        | 0.155        |
| Effective TJA (C/W)      | 1.9          |
| Max Ambient (C)          | 92.0         |
| Junction Temperature (C) | 33.0         |
| Confidence Level         | Low          |
| Setting File             | ---          |
| Simulation Activity File | ---          |
| Design Nets Matched      | NA           |
+--------------------------+--------------+
* Specify Design Power Budget using, set_operating_conditions -design_power_budget <value in Watts>


1.1 On-Chip Components
----------------------

+--------------------------+-----------+----------+-----------+-----------------+
| On-Chip                  | Power (W) | Used     | Available | Utilization (%) |
+--------------------------+-----------+----------+-----------+-----------------+
| Clocks                   |     0.417 |       78 |       --- |             --- |
| Slice Logic              |     0.155 |   214405 |       --- |             --- |
|   LUT as Logic           |     0.123 |    63867 |    101400 |           62.99 |
|   Register               |     0.014 |   106420 |    202800 |           52.48 |
|   CARRY4                 |     0.013 |     4206 |     25350 |           16.59 |
|   LUT as Shift Register  |     0.003 |     3833 |     35000 |           10.95 |
|   LUT as Distributed RAM |     0.002 |     2384 |     35000 |            6.81 |
|   F7/F8 Muxes            |    <0.001 |      532 |    101400 |            0.52 |
|   Others                 |    <0.001 |    14186 |       --- |             --- |
|   BUFR                   |     0.000 |        1 |       152 |            0.66 |
| Signals                  |     0.206 |   159535 |       --- |             --- |
| Block RAM                |     0.156 |    208.5 |       325 |           64.15 |
| MMCM                     |     0.625 |        7 |         8 |           87.50 |
| PLL                      |     0.185 |        2 |         8 |           25.00 |
| DSPs                     |     0.050 |      101 |       600 |           16.83 |
| I/O                      |     1.016 |      305 |       400 |           76.25 |
| GTX                      |     0.909 |        3 |         8 |           37.50 |
| PHASER                   |     0.385 |       40 |       --- |             --- |
| XADC                     |     0.002 |        1 |       --- |             --- |
| Static Power             |     0.155 |          |           |                 |
| Total                    |     4.260 |          |           |                 |
+--------------------------+-----------+----------+-----------+-----------------+


1.2 Power Supply Summary
------------------------

+-----------+-------------+-----------+-------------+------------+
| Source    | Voltage (V) | Total (A) | Dynamic (A) | Static (A) |
+-----------+-------------+-----------+-------------+------------+
| Vccint    |       1.000 |     1.243 |       1.183 |      0.060 |
| Vccaux    |       1.800 |     0.823 |       0.804 |      0.019 |
| Vcco33    |       3.300 |     0.004 |       0.003 |      0.001 |
| Vcco25    |       2.500 |     0.011 |       0.010 |      0.001 |
| Vcco18    |       1.800 |     0.000 |       0.000 |      0.000 |
| Vcco15    |       1.500 |     0.407 |       0.406 |      0.001 |
| Vcco135   |       1.350 |     0.000 |       0.000 |      0.000 |
| Vcco12    |       1.200 |     0.000 |       0.000 |      0.000 |
| Vccaux_io |       1.800 |     0.000 |       0.000 |      0.000 |
| Vccbram   |       1.000 |     0.015 |       0.009 |      0.006 |
| MGTAVcc   |       1.000 |     0.515 |       0.509 |      0.006 |
| MGTAVtt   |       1.200 |     0.267 |       0.262 |      0.005 |
| MGTVccaux |       1.800 |     0.000 |       0.000 |      0.000 |
| Vccadc    |       1.800 |     0.021 |       0.001 |      0.020 |
+-----------+-------------+-----------+-------------+------------+


1.3 Confidence Level
--------------------

+-----------------------------+------------+--------------------------------------------------------+------------------------------------------------------------------------------------------------------------+
| User Input Data             | Confidence | Details                                                | Action                                                                                                     |
+-----------------------------+------------+--------------------------------------------------------+------------------------------------------------------------------------------------------------------------+
| Design implementation state | High       | Design is routed                                       |                                                                                                            |
| Clock nodes activity        | High       | User specified more than 95% of clocks                 |                                                                                                            |
| I/O nodes activity          | Low        | More than 75% of inputs are missing user specification | Provide missing input activity with simulation results or by editing the "By Resource Type -> I/Os" view   |
| Internal nodes activity     | Medium     | User specified less than 25% of internal nodes         | Provide missing internal nodes activity with simulation results or by editing the "By Resource Type" views |
| Device models               | High       | Device models are Production                           |                                                                                                            |
|                             |            |                                                        |                                                                                                            |
| Overall confidence level    | Low        |                                                        |                                                                                                            |
+-----------------------------+------------+--------------------------------------------------------+------------------------------------------------------------------------------------------------------------+


2. Settings
-----------

2.1 Environment
---------------

+-----------------------+--------------------------+
| Ambient Temp (C)      | 25.0                     |
| ThetaJA (C/W)         | 1.9                      |
| Airflow (LFM)         | 250                      |
| Heat Sink             | medium (Medium Profile)  |
| ThetaSA (C/W)         | 3.4                      |
| Board Selection       | medium (10"x10")         |
| # of Board Layers     | 12to15 (12 to 15 Layers) |
| Board Temperature (C) | 25.0                     |
+-----------------------+--------------------------+


2.2 Clock Constraints
---------------------

+-------------------------------------------------------------------------------------------------------------------------------------------------------------+---------------------------------------------------------------------------------------------------------------------------------------------------------------------------------------------------------------------------------------------------------------+-----------------+
| Clock                                                                                                                                                       | Domain                                                                                                                                                                                                                                                        | Constraint (ns) |
+-------------------------------------------------------------------------------------------------------------------------------------------------------------+---------------------------------------------------------------------------------------------------------------------------------------------------------------------------------------------------------------------------------------------------------------+-----------------+
| ACQ/BD/MIG_2DDR.core_wrapper_i/core_i/MCU/mdm_1/U0/Use_E2.BSCAN_I/Use_E2.BSCANE2_I/DRCK                                                                     | ACQ/BD/MIG_2DDR.core_wrapper_i/core_i/MCU/mdm_1/U0/Use_E2.BSCAN_I/DRCK                                                                                                                                                                                        |            33.3 |
| ACQ/BD/MIG_2DDR.core_wrapper_i/core_i/MCU/mdm_1/U0/Use_E2.BSCAN_I/Use_E2.BSCANE2_I/UPDATE                                                                   | ACQ/BD/MIG_2DDR.core_wrapper_i/core_i/MCU/mdm_1/U0/Use_E2.BSCAN_I/Ext_JTAG_UPDATE                                                                                                                                                                             |            33.3 |
| ACQ/MGT/MGTS/DATA/inst/data_mgt_wrapper_i/data_mgt_multi_gt_i/data_mgt_gtx_inst/gtxe2_i/RXOUTCLK                                                            | ACQ/MGT/MGTS/DATA/inst/data_mgt_wrapper_i/data_mgt_multi_gt_i/data_mgt_gtx_inst/rxrecclk_from_gtx_i                                                                                                                                                           |             5.1 |
| ACQ/MGT/MGTS/DATA/inst/data_mgt_wrapper_i/data_mgt_multi_gt_i/data_mgt_gtx_inst/gtxe2_i/TXOUTCLK                                                            | ACQ/MGT/MGTS/DATA/inst/data_mgt_wrapper_i/data_mgt_multi_gt_i/data_mgt_gtx_inst/tx_out_clk                                                                                                                                                                    |             5.1 |
| ACQ/MGT/MGTS/EXP/inst/exp_mgt_wrapper_i/exp_mgt_multi_gt_i/exp_mgt_gtx_inst/gtxe2_i/RXOUTCLK                                                                | ACQ/MGT/MGTS/EXP/inst/exp_mgt_wrapper_i/exp_mgt_multi_gt_i/exp_mgt_gtx_inst/rxrecclk_from_gtx_i                                                                                                                                                               |             5.1 |
| CH0_CLK                                                                                                                                                     | CH0_CLK_P                                                                                                                                                                                                                                                     |           100.0 |
| CH0_CLK                                                                                                                                                     | U1/CH0/ext_clk_in                                                                                                                                                                                                                                             |           100.0 |
| MGT_CLK_0                                                                                                                                                   | AURORA_CLK_P0                                                                                                                                                                                                                                                 |             8.0 |
| MIG_CAL_UI_CLK                                                                                                                                              | ACQ/BD/MIG_2DDR.core_wrapper_i/core_i/MIG_Calibration/CAL_DDR_MIG/u_core_CAL_DDR_MIG_0_mig/u_ddr3_infrastructure/clk_pll_i                                                                                                                                    |            10.0 |
| SYS_CLK_P0                                                                                                                                                  | SYS_CLK_P0                                                                                                                                                                                                                                                    |             5.0 |
| SYS_CLK_P1                                                                                                                                                  | SYS_CLK_P1                                                                                                                                                                                                                                                    |             5.0 |
| adc_clk_source_hawkA_10MHz_mmcm                                                                                                                             | U3/U26/U2/U2/inst/adc_clk_source_hawkA_10MHz_mmcm                                                                                                                                                                                                             |            12.5 |
| clk_200                                                                                                                                                     | ACQ/BD/MIG_2DDR.core_wrapper_i/core_i/MIG_Code/mig_7series_0/u_core_mig_7series_0_0_mig/u_ddr3_infrastructure/mmcm_clkout0                                                                                                                                    |             5.0 |
| clk_cal                                                                                                                                                     | ACQ/BD/MIG_2DDR.core_wrapper_i/core_i/clk_wiz_1/inst/clk_out1_core_clk_wiz_1_0                                                                                                                                                                                |             5.9 |
| clk_data                                                                                                                                                    | ACQ/BD/MIG_2DDR.core_wrapper_i/core_i/clk_wiz_1/inst/clk_out2_core_clk_wiz_1_0                                                                                                                                                                                |            11.8 |
| clk_irig                                                                                                                                                    | ACQ/BD/MIG_2DDR.core_wrapper_i/core_i/MIG_Code/mig_7series_0/u_core_mig_7series_0_0_mig/u_ddr3_infrastructure/mmcm_clkout2                                                                                                                                    |            50.0 |
| clk_mb                                                                                                                                                      | ACQ/BD/MIG_2DDR.core_wrapper_i/core_i/MIG_Code/mig_7series_0/u_core_mig_7series_0_0_mig/u_ddr3_infrastructure/clk_pll_i                                                                                                                                       |            10.0 |
| clk_mgt_init                                                                                                                                                | ACQ/BD/MIG_2DDR.core_wrapper_i/core_i/MIG_Code/mig_7series_0/u_core_mig_7series_0_0_mig/u_ddr3_infrastructure/mmcm_clkout1                                                                                                                                    |            20.0 |
| clk_out_mult7_serdes_clkin_10_0_MHz_mmcm                                                                                                                    | U1/CH0/master_gen.U14/Gen_10_0M.Ux/inst/clk_out_mult7_serdes_clkin_10_0_MHz_mmcm                                                                                                                                                                              |            14.3 |
| clk_out_serdes_clkin_10_0_MHz_mmcm                                                                                                                          | U1/CH0/master_gen.U14/Gen_10_0M.Ux/inst/clk_out_serdes_clkin_10_0_MHz_mmcm                                                                                                                                                                                    |           100.0 |
| clkfbout                                                                                                                                                    | ACQ/MGT/MGTS/DATA_CLOCK/U1/clkfbout                                                                                                                                                                                                                           |             5.1 |
| clkfbout_core_clk_wiz_1_0                                                                                                                                   | ACQ/BD/MIG_2DDR.core_wrapper_i/core_i/clk_wiz_1/inst/clkfbout_core_clk_wiz_1_0                                                                                                                                                                                |            50.0 |
| clkfbout_hawkA_10MHz_mmcm                                                                                                                                   | U3/U26/U2/U2/inst/clkfbout_hawkA_10MHz_mmcm                                                                                                                                                                                                                   |            50.0 |
| clkfbout_serdes_clkin_10_0_MHz_mmcm                                                                                                                         | U1/CH0/master_gen.U14/Gen_10_0M.Ux/inst/clkfbout_serdes_clkin_10_0_MHz_mmcm                                                                                                                                                                                   |           100.0 |
| clkfbout_usart_mmcm                                                                                                                                         | ACQ/BULK_USART/U11/inst/clkfbout_usart_mmcm                                                                                                                                                                                                                   |            60.0 |
| freq_refclk                                                                                                                                                 | ACQ/BD/MIG_2DDR.core_wrapper_i/core_i/MIG_Calibration/CAL_DDR_MIG/u_core_CAL_DDR_MIG_0_mig/u_ddr3_infrastructure/freq_refclk                                                                                                                                  |             1.2 |
| freq_refclk_1                                                                                                                                               | ACQ/BD/MIG_2DDR.core_wrapper_i/core_i/MIG_Code/mig_7series_0/u_core_mig_7series_0_0_mig/u_ddr3_infrastructure/freq_refclk                                                                                                                                     |             1.3 |
| iserdes_clkdiv                                                                                                                                              | ACQ/BD/MIG_2DDR.core_wrapper_i/core_i/MIG_Calibration/CAL_DDR_MIG/u_core_CAL_DDR_MIG_0_mig/u_memc_ui_top_axi/mem_intfc0/ddr_phy_top0/u_ddr_mc_phy_wrapper/u_ddr_mc_phy/ddr_phy_4lanes_0.u_ddr_phy_4lanes/ddr_byte_lane_A.ddr_byte_lane_A/iserdes_clkdiv       |            10.0 |
| iserdes_clkdiv_1                                                                                                                                            | ACQ/BD/MIG_2DDR.core_wrapper_i/core_i/MIG_Calibration/CAL_DDR_MIG/u_core_CAL_DDR_MIG_0_mig/u_memc_ui_top_axi/mem_intfc0/ddr_phy_top0/u_ddr_mc_phy_wrapper/u_ddr_mc_phy/ddr_phy_4lanes_0.u_ddr_phy_4lanes/ddr_byte_lane_B.ddr_byte_lane_B/iserdes_clkdiv       |            10.0 |
| iserdes_clkdiv_2                                                                                                                                            | ACQ/BD/MIG_2DDR.core_wrapper_i/core_i/MIG_Calibration/CAL_DDR_MIG/u_core_CAL_DDR_MIG_0_mig/u_memc_ui_top_axi/mem_intfc0/ddr_phy_top0/u_ddr_mc_phy_wrapper/u_ddr_mc_phy/ddr_phy_4lanes_0.u_ddr_phy_4lanes/ddr_byte_lane_C.ddr_byte_lane_C/iserdes_clkdiv       |            10.0 |
| iserdes_clkdiv_3                                                                                                                                            | ACQ/BD/MIG_2DDR.core_wrapper_i/core_i/MIG_Calibration/CAL_DDR_MIG/u_core_CAL_DDR_MIG_0_mig/u_memc_ui_top_axi/mem_intfc0/ddr_phy_top0/u_ddr_mc_phy_wrapper/u_ddr_mc_phy/ddr_phy_4lanes_0.u_ddr_phy_4lanes/ddr_byte_lane_D.ddr_byte_lane_D/iserdes_clkdiv       |            10.0 |
| iserdes_clkdiv_4                                                                                                                                            | ACQ/BD/MIG_2DDR.core_wrapper_i/core_i/MIG_Code/mig_7series_0/u_core_mig_7series_0_0_mig/u_memc_ui_top_axi/mem_intfc0/ddr_phy_top0/u_ddr_mc_phy_wrapper/u_ddr_mc_phy/ddr_phy_4lanes_0.u_ddr_phy_4lanes/ddr_byte_lane_A.ddr_byte_lane_A/iserdes_clkdiv          |            10.0 |
| iserdes_clkdiv_5                                                                                                                                            | ACQ/BD/MIG_2DDR.core_wrapper_i/core_i/MIG_Code/mig_7series_0/u_core_mig_7series_0_0_mig/u_memc_ui_top_axi/mem_intfc0/ddr_phy_top0/u_ddr_mc_phy_wrapper/u_ddr_mc_phy/ddr_phy_4lanes_0.u_ddr_phy_4lanes/ddr_byte_lane_D.ddr_byte_lane_D/iserdes_clkdiv          |            10.0 |
| mclk_source_hawkA_10MHz_mmcm                                                                                                                                | U3/U26/U2/U2/inst/mclk_source_hawkA_10MHz_mmcm                                                                                                                                                                                                                |            12.5 |
| mem_refclk                                                                                                                                                  | ACQ/BD/MIG_2DDR.core_wrapper_i/core_i/MIG_Calibration/CAL_DDR_MIG/u_core_CAL_DDR_MIG_0_mig/u_ddr3_infrastructure/mem_refclk                                                                                                                                   |             2.5 |
| mem_refclk_1                                                                                                                                                | ACQ/BD/MIG_2DDR.core_wrapper_i/core_i/MIG_Code/mig_7series_0/u_core_mig_7series_0_0_mig/u_ddr3_infrastructure/mem_refclk                                                                                                                                      |             2.5 |
| oserdes_clk                                                                                                                                                 | ACQ/BD/MIG_2DDR.core_wrapper_i/core_i/MIG_Calibration/CAL_DDR_MIG/u_core_CAL_DDR_MIG_0_mig/u_memc_ui_top_axi/mem_intfc0/ddr_phy_top0/u_ddr_mc_phy_wrapper/u_ddr_mc_phy/ddr_phy_4lanes_0.u_ddr_phy_4lanes/ddr_byte_lane_A.ddr_byte_lane_A/oserdes_clk          |             2.5 |
| oserdes_clk_1                                                                                                                                               | ACQ/BD/MIG_2DDR.core_wrapper_i/core_i/MIG_Calibration/CAL_DDR_MIG/u_core_CAL_DDR_MIG_0_mig/u_memc_ui_top_axi/mem_intfc0/ddr_phy_top0/u_ddr_mc_phy_wrapper/u_ddr_mc_phy/ddr_phy_4lanes_0.u_ddr_phy_4lanes/ddr_byte_lane_B.ddr_byte_lane_B/oserdes_clk          |             2.5 |
| oserdes_clk_10                                                                                                                                              | ACQ/BD/MIG_2DDR.core_wrapper_i/core_i/MIG_Code/mig_7series_0/u_core_mig_7series_0_0_mig/u_memc_ui_top_axi/mem_intfc0/ddr_phy_top0/u_ddr_mc_phy_wrapper/u_ddr_mc_phy/ddr_phy_4lanes_0.u_ddr_phy_4lanes/ddr_byte_lane_D.ddr_byte_lane_D/oserdes_clk             |             2.5 |
| oserdes_clk_2                                                                                                                                               | ACQ/BD/MIG_2DDR.core_wrapper_i/core_i/MIG_Calibration/CAL_DDR_MIG/u_core_CAL_DDR_MIG_0_mig/u_memc_ui_top_axi/mem_intfc0/ddr_phy_top0/u_ddr_mc_phy_wrapper/u_ddr_mc_phy/ddr_phy_4lanes_0.u_ddr_phy_4lanes/ddr_byte_lane_C.ddr_byte_lane_C/oserdes_clk          |             2.5 |
| oserdes_clk_3                                                                                                                                               | ACQ/BD/MIG_2DDR.core_wrapper_i/core_i/MIG_Calibration/CAL_DDR_MIG/u_core_CAL_DDR_MIG_0_mig/u_memc_ui_top_axi/mem_intfc0/ddr_phy_top0/u_ddr_mc_phy_wrapper/u_ddr_mc_phy/ddr_phy_4lanes_0.u_ddr_phy_4lanes/ddr_byte_lane_D.ddr_byte_lane_D/oserdes_clk          |             2.5 |
| oserdes_clk_4                                                                                                                                               | ACQ/BD/MIG_2DDR.core_wrapper_i/core_i/MIG_Calibration/CAL_DDR_MIG/u_core_CAL_DDR_MIG_0_mig/u_memc_ui_top_axi/mem_intfc0/ddr_phy_top0/u_ddr_mc_phy_wrapper/u_ddr_mc_phy/ddr_phy_4lanes_1.u_ddr_phy_4lanes/ddr_byte_lane_B.ddr_byte_lane_B/oserdes_clk          |             2.5 |
| oserdes_clk_5                                                                                                                                               | ACQ/BD/MIG_2DDR.core_wrapper_i/core_i/MIG_Calibration/CAL_DDR_MIG/u_core_CAL_DDR_MIG_0_mig/u_memc_ui_top_axi/mem_intfc0/ddr_phy_top0/u_ddr_mc_phy_wrapper/u_ddr_mc_phy/ddr_phy_4lanes_1.u_ddr_phy_4lanes/ddr_byte_lane_C.ddr_byte_lane_C/oserdes_clk          |             2.5 |
| oserdes_clk_6                                                                                                                                               | ACQ/BD/MIG_2DDR.core_wrapper_i/core_i/MIG_Calibration/CAL_DDR_MIG/u_core_CAL_DDR_MIG_0_mig/u_memc_ui_top_axi/mem_intfc0/ddr_phy_top0/u_ddr_mc_phy_wrapper/u_ddr_mc_phy/ddr_phy_4lanes_1.u_ddr_phy_4lanes/ddr_byte_lane_D.ddr_byte_lane_D/oserdes_clk          |             2.5 |
| oserdes_clk_7                                                                                                                                               | ACQ/BD/MIG_2DDR.core_wrapper_i/core_i/MIG_Code/mig_7series_0/u_core_mig_7series_0_0_mig/u_memc_ui_top_axi/mem_intfc0/ddr_phy_top0/u_ddr_mc_phy_wrapper/u_ddr_mc_phy/ddr_phy_4lanes_0.u_ddr_phy_4lanes/ddr_byte_lane_A.ddr_byte_lane_A/oserdes_clk             |             2.5 |
| oserdes_clk_8                                                                                                                                               | ACQ/BD/MIG_2DDR.core_wrapper_i/core_i/MIG_Code/mig_7series_0/u_core_mig_7series_0_0_mig/u_memc_ui_top_axi/mem_intfc0/ddr_phy_top0/u_ddr_mc_phy_wrapper/u_ddr_mc_phy/ddr_phy_4lanes_0.u_ddr_phy_4lanes/ddr_byte_lane_B.ddr_byte_lane_B/oserdes_clk             |             2.5 |
| oserdes_clk_9                                                                                                                                               | ACQ/BD/MIG_2DDR.core_wrapper_i/core_i/MIG_Code/mig_7series_0/u_core_mig_7series_0_0_mig/u_memc_ui_top_axi/mem_intfc0/ddr_phy_top0/u_ddr_mc_phy_wrapper/u_ddr_mc_phy/ddr_phy_4lanes_0.u_ddr_phy_4lanes/ddr_byte_lane_C.ddr_byte_lane_C/oserdes_clk             |             2.5 |
| oserdes_clkdiv                                                                                                                                              | ACQ/BD/MIG_2DDR.core_wrapper_i/core_i/MIG_Calibration/CAL_DDR_MIG/u_core_CAL_DDR_MIG_0_mig/u_memc_ui_top_axi/mem_intfc0/ddr_phy_top0/u_ddr_mc_phy_wrapper/u_ddr_mc_phy/ddr_phy_4lanes_0.u_ddr_phy_4lanes/ddr_byte_lane_A.ddr_byte_lane_A/oserdes_clkdiv       |             5.0 |
| oserdes_clkdiv_1                                                                                                                                            | ACQ/BD/MIG_2DDR.core_wrapper_i/core_i/MIG_Calibration/CAL_DDR_MIG/u_core_CAL_DDR_MIG_0_mig/u_memc_ui_top_axi/mem_intfc0/ddr_phy_top0/u_ddr_mc_phy_wrapper/u_ddr_mc_phy/ddr_phy_4lanes_0.u_ddr_phy_4lanes/ddr_byte_lane_B.ddr_byte_lane_B/oserdes_clkdiv       |             5.0 |
| oserdes_clkdiv_10                                                                                                                                           | ACQ/BD/MIG_2DDR.core_wrapper_i/core_i/MIG_Code/mig_7series_0/u_core_mig_7series_0_0_mig/u_memc_ui_top_axi/mem_intfc0/ddr_phy_top0/u_ddr_mc_phy_wrapper/u_ddr_mc_phy/ddr_phy_4lanes_0.u_ddr_phy_4lanes/ddr_byte_lane_D.ddr_byte_lane_D/oserdes_clkdiv          |             5.0 |
| oserdes_clkdiv_2                                                                                                                                            | ACQ/BD/MIG_2DDR.core_wrapper_i/core_i/MIG_Calibration/CAL_DDR_MIG/u_core_CAL_DDR_MIG_0_mig/u_memc_ui_top_axi/mem_intfc0/ddr_phy_top0/u_ddr_mc_phy_wrapper/u_ddr_mc_phy/ddr_phy_4lanes_0.u_ddr_phy_4lanes/ddr_byte_lane_C.ddr_byte_lane_C/oserdes_clkdiv       |             5.0 |
| oserdes_clkdiv_3                                                                                                                                            | ACQ/BD/MIG_2DDR.core_wrapper_i/core_i/MIG_Calibration/CAL_DDR_MIG/u_core_CAL_DDR_MIG_0_mig/u_memc_ui_top_axi/mem_intfc0/ddr_phy_top0/u_ddr_mc_phy_wrapper/u_ddr_mc_phy/ddr_phy_4lanes_0.u_ddr_phy_4lanes/ddr_byte_lane_D.ddr_byte_lane_D/oserdes_clkdiv       |             5.0 |
| oserdes_clkdiv_4                                                                                                                                            | ACQ/BD/MIG_2DDR.core_wrapper_i/core_i/MIG_Calibration/CAL_DDR_MIG/u_core_CAL_DDR_MIG_0_mig/u_memc_ui_top_axi/mem_intfc0/ddr_phy_top0/u_ddr_mc_phy_wrapper/u_ddr_mc_phy/ddr_phy_4lanes_1.u_ddr_phy_4lanes/ddr_byte_lane_B.ddr_byte_lane_B/oserdes_clkdiv       |            10.0 |
| oserdes_clkdiv_5                                                                                                                                            | ACQ/BD/MIG_2DDR.core_wrapper_i/core_i/MIG_Calibration/CAL_DDR_MIG/u_core_CAL_DDR_MIG_0_mig/u_memc_ui_top_axi/mem_intfc0/ddr_phy_top0/u_ddr_mc_phy_wrapper/u_ddr_mc_phy/ddr_phy_4lanes_1.u_ddr_phy_4lanes/ddr_byte_lane_C.ddr_byte_lane_C/oserdes_clkdiv       |            10.0 |
| oserdes_clkdiv_6                                                                                                                                            | ACQ/BD/MIG_2DDR.core_wrapper_i/core_i/MIG_Calibration/CAL_DDR_MIG/u_core_CAL_DDR_MIG_0_mig/u_memc_ui_top_axi/mem_intfc0/ddr_phy_top0/u_ddr_mc_phy_wrapper/u_ddr_mc_phy/ddr_phy_4lanes_1.u_ddr_phy_4lanes/ddr_byte_lane_D.ddr_byte_lane_D/oserdes_clkdiv       |            10.0 |
| oserdes_clkdiv_7                                                                                                                                            | ACQ/BD/MIG_2DDR.core_wrapper_i/core_i/MIG_Code/mig_7series_0/u_core_mig_7series_0_0_mig/u_memc_ui_top_axi/mem_intfc0/ddr_phy_top0/u_ddr_mc_phy_wrapper/u_ddr_mc_phy/ddr_phy_4lanes_0.u_ddr_phy_4lanes/ddr_byte_lane_A.ddr_byte_lane_A/oserdes_clkdiv          |             5.0 |
| oserdes_clkdiv_8                                                                                                                                            | ACQ/BD/MIG_2DDR.core_wrapper_i/core_i/MIG_Code/mig_7series_0/u_core_mig_7series_0_0_mig/u_memc_ui_top_axi/mem_intfc0/ddr_phy_top0/u_ddr_mc_phy_wrapper/u_ddr_mc_phy/ddr_phy_4lanes_0.u_ddr_phy_4lanes/ddr_byte_lane_B.ddr_byte_lane_B/oserdes_clkdiv          |            10.0 |
| oserdes_clkdiv_9                                                                                                                                            | ACQ/BD/MIG_2DDR.core_wrapper_i/core_i/MIG_Code/mig_7series_0/u_core_mig_7series_0_0_mig/u_memc_ui_top_axi/mem_intfc0/ddr_phy_top0/u_ddr_mc_phy_wrapper/u_ddr_mc_phy/ddr_phy_4lanes_0.u_ddr_phy_4lanes/ddr_byte_lane_C.ddr_byte_lane_C/oserdes_clkdiv          |            10.0 |
| pll_clk3_out                                                                                                                                                | ACQ/BD/MIG_2DDR.core_wrapper_i/core_i/MIG_Calibration/CAL_DDR_MIG/u_core_CAL_DDR_MIG_0_mig/u_ddr3_infrastructure/pll_clk3_out                                                                                                                                 |            10.0 |
| pll_clk3_out_1                                                                                                                                              | ACQ/BD/MIG_2DDR.core_wrapper_i/core_i/MIG_Code/mig_7series_0/u_core_mig_7series_0_0_mig/u_ddr3_infrastructure/pll_clk3_out                                                                                                                                    |            10.0 |
| pll_clkfbout                                                                                                                                                | ACQ/BD/MIG_2DDR.core_wrapper_i/core_i/MIG_Calibration/CAL_DDR_MIG/u_core_CAL_DDR_MIG_0_mig/u_ddr3_infrastructure/pll_clkfbout                                                                                                                                 |             5.0 |
| pll_clkfbout_1                                                                                                                                              | ACQ/BD/MIG_2DDR.core_wrapper_i/core_i/MIG_Code/mig_7series_0/u_core_mig_7series_0_0_mig/u_ddr3_infrastructure/pll_clkfbout                                                                                                                                    |             5.0 |
| sync_clk_i                                                                                                                                                  | ACQ/MGT/MGTS/DATA_CLOCK/U1/sync_clk_i                                                                                                                                                                                                                         |             5.1 |
| sync_pulse                                                                                                                                                  | ACQ/BD/MIG_2DDR.core_wrapper_i/core_i/MIG_Calibration/CAL_DDR_MIG/u_core_CAL_DDR_MIG_0_mig/u_ddr3_infrastructure/sync_pulse                                                                                                                                   |            40.0 |
| sync_pulse_1                                                                                                                                                | ACQ/BD/MIG_2DDR.core_wrapper_i/core_i/MIG_Code/mig_7series_0/u_core_mig_7series_0_0_mig/u_ddr3_infrastructure/sync_pulse                                                                                                                                      |            40.0 |
| u_memc_ui_top_axi/mem_intfc0/ddr_phy_top0/u_ddr_mc_phy_wrapper/u_ddr_mc_phy/ddr_phy_4lanes_0.u_ddr_phy_4lanes/ddr_byte_lane_A.ddr_byte_lane_A/iserdes_clk   | ACQ/BD/MIG_2DDR.core_wrapper_i/core_i/MIG_Calibration/CAL_DDR_MIG/u_core_CAL_DDR_MIG_0_mig/u_memc_ui_top_axi/mem_intfc0/ddr_phy_top0/u_ddr_mc_phy_wrapper/u_ddr_mc_phy/ddr_phy_4lanes_0.u_ddr_phy_4lanes/ddr_byte_lane_A.ddr_byte_lane_A/A_rst_primitives_reg |             2.5 |
| u_memc_ui_top_axi/mem_intfc0/ddr_phy_top0/u_ddr_mc_phy_wrapper/u_ddr_mc_phy/ddr_phy_4lanes_0.u_ddr_phy_4lanes/ddr_byte_lane_A.ddr_byte_lane_A/iserdes_clk_1 | ACQ/BD/MIG_2DDR.core_wrapper_i/core_i/MIG_Code/mig_7series_0/u_core_mig_7series_0_0_mig/u_memc_ui_top_axi/mem_intfc0/ddr_phy_top0/u_ddr_mc_phy_wrapper/u_ddr_mc_phy/ddr_phy_4lanes_0.u_ddr_phy_4lanes/ddr_byte_lane_A.ddr_byte_lane_A/A_rst_primitives_reg    |             2.5 |
| u_memc_ui_top_axi/mem_intfc0/ddr_phy_top0/u_ddr_mc_phy_wrapper/u_ddr_mc_phy/ddr_phy_4lanes_0.u_ddr_phy_4lanes/ddr_byte_lane_B.ddr_byte_lane_B/iserdes_clk   | ACQ/BD/MIG_2DDR.core_wrapper_i/core_i/MIG_Calibration/CAL_DDR_MIG/u_core_CAL_DDR_MIG_0_mig/u_memc_ui_top_axi/mem_intfc0/ddr_phy_top0/u_ddr_mc_phy_wrapper/u_ddr_mc_phy/ddr_phy_4lanes_0.u_ddr_phy_4lanes/ddr_byte_lane_B.ddr_byte_lane_B/A_rst_primitives_reg |             2.5 |
| u_memc_ui_top_axi/mem_intfc0/ddr_phy_top0/u_ddr_mc_phy_wrapper/u_ddr_mc_phy/ddr_phy_4lanes_0.u_ddr_phy_4lanes/ddr_byte_lane_C.ddr_byte_lane_C/iserdes_clk   | ACQ/BD/MIG_2DDR.core_wrapper_i/core_i/MIG_Calibration/CAL_DDR_MIG/u_core_CAL_DDR_MIG_0_mig/u_memc_ui_top_axi/mem_intfc0/ddr_phy_top0/u_ddr_mc_phy_wrapper/u_ddr_mc_phy/ddr_phy_4lanes_0.u_ddr_phy_4lanes/ddr_byte_lane_C.ddr_byte_lane_C/A_rst_primitives_reg |             2.5 |
| u_memc_ui_top_axi/mem_intfc0/ddr_phy_top0/u_ddr_mc_phy_wrapper/u_ddr_mc_phy/ddr_phy_4lanes_0.u_ddr_phy_4lanes/ddr_byte_lane_D.ddr_byte_lane_D/iserdes_clk   | ACQ/BD/MIG_2DDR.core_wrapper_i/core_i/MIG_Calibration/CAL_DDR_MIG/u_core_CAL_DDR_MIG_0_mig/u_memc_ui_top_axi/mem_intfc0/ddr_phy_top0/u_ddr_mc_phy_wrapper/u_ddr_mc_phy/ddr_phy_4lanes_0.u_ddr_phy_4lanes/ddr_byte_lane_D.ddr_byte_lane_D/A_rst_primitives_reg |             2.5 |
| u_memc_ui_top_axi/mem_intfc0/ddr_phy_top0/u_ddr_mc_phy_wrapper/u_ddr_mc_phy/ddr_phy_4lanes_0.u_ddr_phy_4lanes/ddr_byte_lane_D.ddr_byte_lane_D/iserdes_clk_1 | ACQ/BD/MIG_2DDR.core_wrapper_i/core_i/MIG_Code/mig_7series_0/u_core_mig_7series_0_0_mig/u_memc_ui_top_axi/mem_intfc0/ddr_phy_top0/u_ddr_mc_phy_wrapper/u_ddr_mc_phy/ddr_phy_4lanes_0.u_ddr_phy_4lanes/ddr_byte_lane_D.ddr_byte_lane_D/A_rst_primitives_reg    |             2.5 |
| usart_clk                                                                                                                                                   | ACQ/BULK_USART/U11/inst/CLK0_usart_mmcm                                                                                                                                                                                                                       |            60.0 |
| usart_clk_in                                                                                                                                                | R_GIGE_BULK_CLK0                                                                                                                                                                                                                                              |            60.0 |
| user_clk_i                                                                                                                                                  | ACQ/MGT/MGTS/DATA_CLOCK/U1/user_clk_i                                                                                                                                                                                                                         |            10.2 |
+-------------------------------------------------------------------------------------------------------------------------------------------------------------+---------------------------------------------------------------------------------------------------------------------------------------------------------------------------------------------------------------------------------------------------------------+-----------------+


3. Detailed Reports
-------------------

3.1 By Hierarchy
----------------

+------------------------------------------------------------+-----------+
| Name                                                       | Power (W) |
+------------------------------------------------------------+-----------+
| fir_00251_proc_hawkA                                       |     4.105 |
|   ACQ                                                      |     3.780 |
|     BD                                                     |     2.004 |
|       MIG_2DDR.IOBUFDS_DIFF_OUT_DCIEN_4                    |     0.002 |
|       MIG_2DDR.IOBUFDS_DIFF_OUT_DCIEN_5                    |     0.002 |
|       MIG_2DDR.IOBUFDS_DIFF_OUT_DCIEN_6                    |     0.002 |
|       MIG_2DDR.IOBUFDS_DIFF_OUT_DCIEN_7                    |     0.002 |
|       MIG_2DDR.core_wrapper_i                              |     1.994 |
|     BULK_USART                                             |     0.110 |
|       U11                                                  |     0.108 |
|     CALIB                                                  |     0.481 |
|       U11                                                  |     0.002 |
|       U14                                                  |     0.002 |
|       U15                                                  |     0.002 |
|       U17                                                  |     0.032 |
|       U19                                                  |     0.018 |
|       U30                                                  |     0.013 |
|       U31                                                  |     0.015 |
|       gen_cal_1ch.CORE                                     |     0.391 |
|       gen_cal_1ch.U13                                      |     0.001 |
|       gen_cal_1ch.U2                                       |     0.002 |
|       gen_cal_1ch.U3                                       |     0.002 |
|     EHDRI                                                  |     0.001 |
|     EXP_CTRL                                               |     0.001 |
|     FLASH                                                  |     0.012 |
|       U2                                                   |     0.001 |
|       U4                                                   |     0.008 |
|       U5                                                   |     0.003 |
|     HEADER                                                 |     0.029 |
|       U2                                                   |     0.003 |
|       U20                                                  |     0.002 |
|       U22                                                  |     0.002 |
|       U24                                                  |     0.002 |
|       U26                                                  |     0.002 |
|       U28                                                  |     0.002 |
|       U3                                                   |     0.002 |
|       U4                                                   |     0.003 |
|       U5                                                   |     0.009 |
|       U6                                                   |     0.002 |
|       U7                                                   |     0.002 |
|     ICU                                                    |     0.002 |
|       U2                                                   |     0.001 |
|     IRIG                                                   |     0.001 |
|     MGT                                                    |     1.081 |
|       MGTS                                                 |     1.070 |
|       U3                                                   |     0.009 |
|       U4                                                   |     0.001 |
|     SFW_INTF                                               |     0.006 |
|       U2                                                   |     0.001 |
|       U3                                                   |     0.001 |
|       U7                                                   |     0.002 |
|     TRIG                                                   |     0.008 |
|       U1                                                   |     0.001 |
|       U3                                                   |     0.002 |
|       U4                                                   |     0.001 |
|       g0.U11                                               |     0.003 |
|     U11                                                    |     0.001 |
|     U2                                                     |     0.023 |
|       U2                                                   |     0.001 |
|       U3                                                   |     0.001 |
|       U4                                                   |     0.014 |
|       U5                                                   |     0.003 |
|       U6                                                   |     0.003 |
|     U4                                                     |     0.007 |
|       U7                                                   |     0.002 |
|       g1.U3                                                |     0.004 |
|     U7                                                     |     0.004 |
|       U2                                                   |     0.003 |
|     USB                                                    |     0.005 |
|       U1                                                   |     0.001 |
|       U6                                                   |     0.001 |
|       U7                                                   |     0.001 |
|       U8                                                   |     0.001 |
|   U1                                                       |     0.059 |
|     CH0                                                    |     0.057 |
|       U15                                                  |     0.008 |
|       U18                                                  |     0.008 |
|       U21                                                  |     0.008 |
|       U24                                                  |     0.008 |
|   U3                                                       |     0.158 |
|     U21                                                    |     0.009 |
|       U2                                                   |     0.003 |
|       U3                                                   |     0.002 |
|       U4                                                   |     0.001 |
|       U6                                                   |     0.002 |
|     U26                                                    |     0.106 |
|       U1                                                   |     0.002 |
|       U2                                                   |     0.104 |
|     U33                                                    |     0.002 |
|       agen_wr64_rd128_d512.fwft_afifo_wr66_rd132_d512_inst |     0.002 |
|     U4                                                     |     0.007 |
|     U5                                                     |     0.008 |
|       U2                                                   |     0.003 |
|       U3                                                   |     0.002 |
|       U4                                                   |     0.002 |
|     U6                                                     |     0.002 |
|     U7                                                     |     0.002 |
|     U9                                                     |     0.021 |
|       U17                                                  |     0.009 |
|       U18                                                  |     0.008 |
|       U2                                                   |     0.004 |
+------------------------------------------------------------+-----------+


